                                                                                                    	at libcore.io.IoBridge.open(IoBridge.java:560)
                                                                                                    	... 11 more
2026-07-21 13:11:22.994   697-776   PackageInstallerSession system_server                        D  Marking session 831737029 as applied
2026-07-21 13:11:23.010   697-874   InstallDependencyHelper system_server                        D  Session complete for 831737029
2026-07-21 13:11:23.022   697-922   Accessibil...gerService system_server                        V  onUserStateChangedLocked for userId: 0, forceUpdate: false
2026-07-21 13:11:23.042  1878-1878  roid.tvlauncher         com.google.android.tvlauncher        I  AssetManager2(0xefc11954) locale list changing from [] to [en-US]
2026-07-21 13:11:23.073   697-744   TextServic...gerService system_server                        W  no available spell checker services found
2026-07-21 13:11:23.074   697-902   RoleService             system_server                        I  Granting default roles...
2026-07-21 13:11:23.075   697-1290  ShortcutService         system_server                        D  received package broadcast intent: Intent { act=android.intent.action.PACKAGE_ADDED dat=package: flg=0x4000010 (has extras) }
2026-07-21 13:11:23.075   697-1290  ShortcutService         system_server                        D  adding package: com.cafemaestro.tv userId=0
2026-07-21 13:11:23.081   697-1302  SdkSandboxManager       system_server                        I  No SDKs used. Skipping SDK data reconcilation for CallingInfo{mUid=10093, mPackageName='com.cafemaestro.tv, mAppProcessToken='null'}
2026-07-21 13:11:23.138   697-1252  VcnManagementService    system_server                        I  new snapshot: TelephonySubscriptionSnapshot{ mActiveDataSubId=-1, mSubIdToInfoMap={}, mSubIdToCarrierConfigMap={}, mPrivilegedPackages={} }
2026-07-21 13:11:23.149   697-1483  SignedPackage           system_server                        W  Cannot get ApplicationInfo for package: com.android.messaging
2026-07-21 13:11:23.158   697-1816  ActivityManager         system_server                        I  Force stopping com.cafemaestro.tv appid=10093 user=0: from pid 3554
2026-07-21 13:11:23.186   697-697   Looper                  system_server                        W  Slow dispatch took 119ms main app=system_server main=true group=FOREGROUND h=android.app.ActivityThread$H c=android.app.LoadedApk$ReceiverDispatcher$Args$$ExternalSyntheticLambda0@303852 m=0
2026-07-21 13:11:23.206   697-745   ActivityManager         system_server                        D  sync unfroze 2899 com.google.android.packageinstaller for 3
2026-07-21 13:11:23.218   514-1342  NativePerm...Controller audioserver                          D  updatePackagesForUid, UidPackageState{uid: 10093, packageNames: [com.cafemaestro.tv]}
2026-07-21 13:11:23.227   697-1483  SignedPackage           system_server                        W  Cannot get ApplicationInfo for package: com.google.android.gms.supervision
2026-07-21 13:11:23.230  1341-1359  Permission...erviceImpl com....android.permissioncontroller  I  Updating user sensitive for uid 10093
2026-07-21 13:11:23.260   697-697   AppSearchA...erManagerS system_server                        D  userid in package receiver: 10093
2026-07-21 13:11:23.261   697-1738  libc                    system_server                        W  Access denied finding property "ro.bootimage.build.fingerprint"
2026-07-21 13:11:23.282   697-1483  SignedPackage           system_server                        W  Cannot get ApplicationInfo for package: com.android.gallery3d
2026-07-21 13:11:23.319  2899-2899  ashmem                  com.google.android.packageinstaller  E  Pinning is deprecated since Android Q. Please use trim or other methods.
2026-07-21 13:11:23.352   697-1738  system_server           system_server                        I  AssetManager2(0x8f314f54) locale list changing from [] to [en-US]
2026-07-21 13:11:23.392   697-697   Looper                  system_server                        W  Slow delivery took 239ms main app=system_server main=true group=FOREGROUND h=android.app.ActivityThread$H c=android.app.LoadedApk$ReceiverDispatcher$Args$$ExternalSyntheticLambda0@5ccec76 m=0
2026-07-21 13:11:23.426   697-944   ActivityTaskManager     system_server                        W  callingPackage for (uid=2000, pid=3562) has no WPC
2026-07-21 13:11:23.462   697-697   TransparencyService     system_server                        D  Not an update. Skipping...
2026-07-21 13:11:23.468   697-944   system_server           system_server                        I  AssetManager2(0x8f3114d4) locale list changing from [] to [en-US]
2026-07-21 13:11:23.470   697-944   Grammatica...ctionUtils system_server                        V  AttributionSource: android.content.AttributionSource@55ed5c2e does not have READ_SYSTEM_GRAMMATICAL_GENDER permission.
2026-07-21 13:11:23.473   697-944   OptProp                 system_server                        W  Cannot read opt property android.window.PROPERTY_COMPAT_ALLOW_RESIZEABLE_ACTIVITY_OVERRIDES
2026-07-21 13:11:23.473   697-944   OptProp                 system_server                        W  Cannot read opt property android.window.PROPERTY_COMPAT_ALLOW_MIN_ASPECT_RATIO_OVERRIDE
2026-07-21 13:11:23.477   697-944   CellBroadcastUtils      system_server                        E  getDefaultCellBroadcastReceiverPackageName: no package found
2026-07-21 13:11:23.486   697-944   OptProp                 system_server                        W  Cannot read opt property android.window.PROPERTY_COMPAT_ALLOW_ORIENTATION_OVERRIDE
2026-07-21 13:11:23.516   697-944   ActivityTaskManager     system_server                        I  START u0 {act=android.intent.action.MAIN cat=[android.intent.category.LEANBACK_LAUNCHER] flg=0x10000000 xflg=0x4 cmp=com.cafemaestro.tv/.MainActivity} with LAUNCH_SINGLE_TASK from uid 2000 (BAL_ALLOW_PERMISSION) result code=0
2026-07-21 13:11:23.527  1340-1382  WindowManagerShell      com.android.systemui                 V  Transition requested (#2): android.os.BinderProxy@d20119 TransitionRequestInfo { type = OPEN, triggerTask = TaskInfo{userId=0 taskId=6 effectiveUid=10093 displayId=0 isRunning=true baseIntent=Intent { act=android.intent.action.MAIN cat=[android.intent.category.LEANBACK_LAUNCHER] flg=0x10000000 cmp=com.cafemaestro.tv/.MainActivity } baseActivity=ComponentInfo{com.cafemaestro.tv/com.cafemaestro.tv.MainActivity} topActivity=ComponentInfo{com.cafemaestro.tv/com.cafemaestro.tv.MainActivity} origActivity=null realActivity=ComponentInfo{com.cafemaestro.tv/com.cafemaestro.tv.MainActivity} numActivities=1 lastActiveTime=174509 supportsMultiWindow=false resizeMode=1 isResizeable=true minWidth=-1 minHeight=-1 defaultMinSize=220 token=WCT{android.window.IWindowContainerToken$Stub$Proxy@81645de} topActivityType=1 pictureInPictureParams=null shouldDockBigOverlays=true launchIntoPipHostTaskId=-1 lastParentTaskIdBeforePip=-1 displayCutoutSafeInsets=Rect(0, 0 - 0, 0) topActivityInfo=ActivityInfo{27993bf com.cafemaestro.tv.MainActivity} launchCookies=[] positionInParent=Point(0, 0) parentTaskId=-1 isFocused=false isVisible=false isVisibleRequested=false isTopActivityNoDisplay=false isSleeping=false locusId=null displayAreaFeatureId=1 isTopActivityTransparent=false isActivityStackTransparent=false lastNonFullscreenBounds=Rect(687, 54 - 1233, 1026) capturedLink=null capturedLinkTimestamp=0 requestedVisibleTypes=-9 topActivityRequestOpenInBrowserEducationTimestamp=0 appCompatTaskInfo=AppCompatTaskInfo { topActivityInSizeCompat=false eligibleForLetterboxEducation= false isLetterboxEducationEnabled= false isLetterboxDoubleTapEnabled= false eligibleForUserAspectRatioButton= false topActivityBoundsLetterboxed= false isFromLetterboxDoubleTap= false topActivityLetterboxVerticalPosition= -1 topActivityLetterboxHorizontalPosition= -1 topActivityLetterboxWidth=-1 topActivityLetterboxHeight=-1 topActivityAppBounds=Rect(0, 0 - 1920, 1080) isUserFullscreenOverrideEnabled=false isSystemFullscreenOverrideEnabled=false hasMinAspectRatioOverride=false topActivityLetterboxBounds=null cameraCompatTaskInfo=CameraCompatTaskInfo { freeformCameraCompatMode=inactive}} topActivityMainWindowFrame=null}, pipChange = null, remoteTransition = null, displayChange = null, flags = 0, debugId = 2 }
2026-07-21 13:11:23.529   697-1483  SignedPackage           system_server                        W  Cannot get ApplicationInfo for package: com.google.android.devicelockcontroller
2026-07-21 13:11:23.549  2951-2951  Finsky                  com.android.vending                  I  [2] qnt - Received: android.intent.action.PACKAGE_ADDED, [YV4M5i9n0ediK41fdHhkpHMW_6RxpnyY-lD2uzWf_D4]
2026-07-21 13:11:23.551   518-518   BpBinder                surfaceflinger                       I  onLastStrongRef automatically unlinking death recipients: 
2026-07-21 13:11:23.555  1700-1700  katniss_in...ckageCache com...le.android.katniss:interactor  I  Rebuilding package cache for Intent { act=android.intent.action.PACKAGE_ADDED dat=package: flg=0x4000010 (has extras) }
2026-07-21 13:11:23.568  3108-3108  Finsky:background       com.android.vending:background       I  [2] qnj - Received: android.intent.action.PACKAGE_ADDED, [YV4M5i9n0ediK41fdHhkpHMW_6RxpnyY-lD2uzWf_D4]
2026-07-21 13:11:23.578   697-736   Grammatica...ctionUtils system_server                        V  AttributionSource: android.content.AttributionSource@55ed5c2e does not have READ_SYSTEM_GRAMMATICAL_GENDER permission.
2026-07-21 13:11:23.579  1700-2081  katniss_in...ckageCache com...le.android.katniss:interactor  I  Apps for Intent { act=android.intent.action.MAIN cat=[android.intent.category.LEANBACK_LAUNCHER] }: [AppInfo(enabled=true, longVersionCode=1, packageName=com.android.tv.settings, versionCode=1, versionName=1.0), AppInfo(enabled=true, longVersionCode=999999999, packageName=com.android.tv, versionCode=999999999, versionName=1.24-asop), AppInfo(enabled=true, longVersionCode=85041318, packageName=com.android.vending, versionCode=85041318, versionName=50.4.13-31 [8] [PR] 876381640), AppInfo(enabled=true, longVersionCode=530301360, packageName=com.google.android.youtube.tv, versionCode=530301360, versionName=5.30.301), AppInfo(enabled=true, longVersionCode=111003360, packageName=com.google.android.youtube.tvmusic, versionCode=111003360, versionName=1.11.03), AppInfo(enabled=true, longVersionCode=624525470, packageName=com.google.android.play.games, versionCode=624525470, versionName=2025.09.62452 (827342201.827342201-040700)), AppInfo(enabled=true, longVersionCode=1, packageName=com.cafemaestro.tv, versionCode=1, versionName=1.0)]
2026-07-21 13:11:23.582  1700-2081  katniss_in...ckageCache com...le.android.katniss:interactor  I  Apps for Intent { act=android.intent.action.MAIN cat=[android.intent.category.LEANBACK_SETTINGS] }: [AppInfo(enabled=true, longVersionCode=1, packageName=com.android.tv.settings, versionCode=1, versionName=1.0), AppInfo(enabled=true, longVersionCode=1, packageName=com.android.tv.settings, versionCode=1, versionName=1.0)]
2026-07-21 13:11:23.591   697-697   BackupManagerConstants  system_server                        D  getFullBackupIntervalMilliseconds(...) returns 86400000
2026-07-21 13:11:23.592   697-697   BackupManagerConstants  system_server                        D  getFullBackupRequiredNetworkType(...) returns 2
2026-07-21 13:11:23.592   697-697   BackupManagerConstants  system_server                        D  getFullBackupRequireCharging(...) returns true
2026-07-21 13:11:23.596  1700-2081  katniss_in...ckageCache com...le.android.katniss:interactor  I  Apps for Intent { act=android.intent.action.MAIN cat=[android.intent.category.HOME] }: [AppInfo(enabled=true, longVersionCode=1010939305, packageName=com.google.android.tvlauncher, versionCode=1010939305, versionName=7.4.10-869643248-f), AppInfo(enabled=true, longVersionCode=1, packageName=com.android.tv.settings, versionCode=1, versionName=1.0)]
2026-07-21 13:11:23.600  1700-2081  katniss_in...ckageCache com...le.android.katniss:interactor  I  Apps for Intent { act=com.google.assistant.DATA_SHARING_CONSENT }: [AppInfo(enabled=true, longVersionCode=15026110, packageName=com.google.android.katniss, versionCode=15026110, versionName=7.46.14+857953630.00)]
2026-07-21 13:11:23.601  1700-2081  katniss_in...ckageCache com...le.android.katniss:interactor  I  Apps for experience type WATSON: [AppInfo(enabled=true, longVersionCode=255034130, packageName=com.google.android.gms, versionCode=255034130, versionName=25.50.34 (270700-855735097)), AppInfo(enabled=true, longVersionCode=530301360, packageName=com.google.android.youtube.tv, versionCode=530301360, versionName=5.30.301)]
2026-07-21 13:11:23.603  1700-2077  katniss_in...anagerImpl com...le.android.katniss:interactor  I  Read invalid search account from PDS
2026-07-21 13:11:23.615  1700-2077  katniss_in...pdaterImpl com...le.android.katniss:interactor  I  #update
2026-07-21 13:11:23.619   697-1291  Background...rolService system_server                        D  Package event received: 0
2026-07-21 13:11:23.626  2951-2951  Finsky                  com.android.vending                  I  [2] Clearing split related stale data.
2026-07-21 13:11:23.626  2951-2951  Finsky                  com.android.vending                  I  [2] DTU: Received onPackageAdded, replacing: false
2026-07-21 13:11:23.626  2951-3063  Finsky                  com.android.vending                  I  [90] SCH: Received scheduling request: Id: 12-1, Constraints: [{ L: 15000, D: 86400000, C: CHARGING_NONE, I: IDLE_NONE, N: NET_ANY, B: BATTERY_ANY }]
2026-07-21 13:11:23.624   451-451   Zygote                  zygote                               D  Forked child process 3566
2026-07-21 13:11:23.635   697-746   ActivityManager         system_server                        W  Slow operation: 56ms so far, now at startProcess: returned from zygote!
2026-07-21 13:11:23.636   697-746   ActivityManager         system_server                        W  Slow operation: 57ms so far, now at startProcess: done updating battery stats
2026-07-21 13:11:23.636   697-746   ActivityManager         system_server                        W  Slow operation: 57ms so far, now at startProcess: building log message
2026-07-21 13:11:23.636   697-746   ActivityManager         system_server                        I  Start proc 3566:com.cafemaestro.tv/u0a93 for next-top-activity {com.cafemaestro.tv/com.cafemaestro.tv.MainActivity}
2026-07-21 13:11:23.637   697-746   ActivityManager         system_server                        W  Slow operation: 58ms so far, now at startProcess: starting to update pids map
2026-07-21 13:11:23.639   697-746   ActivityManager         system_server                        I  ProcessObserver broadcast disabled
2026-07-21 13:11:23.639   697-746   ActivityManager         system_server                        W  Slow operation: 60ms so far, now at startProcess: done updating pids map
2026-07-21 13:11:23.649   697-697   Looper                  system_server                        W  Slow dispatch took 178ms main app=system_server main=true group=FOREGROUND h=android.app.ActivityThread$H c=android.app.LoadedApk$ReceiverDispatcher$Args$$ExternalSyntheticLambda0@3793d25 m=0
2026-07-21 13:11:23.655  3566-3566  .cafemaestro.tv         zygote                               I  Late-enabling -Xcheck:jni
2026-07-21 13:11:23.727  1950-3210  AppLinksAsyncVerifierV2 com.google.android.gms               W  Error performing check:  [CONTEXT service_id=244 ]
2026-07-21 13:11:23.727  1950-3210  AppLinksAsyncVerifierV2 com.google.android.gms               W  Check request failed: null [CONTEXT service_id=244 ]
2026-07-21 13:11:23.735  1950-2119  AppLinksAsyncVerifierV2 com.google.android.gms               W  Error performing check:  [CONTEXT service_id=244 ]
2026-07-21 13:11:23.735  1950-2119  AppLinksAsyncVerifierV2 com.google.android.gms               W  Check request failed: null [CONTEXT service_id=244 ]
2026-07-21 13:11:23.740  1950-2608  AppLinksAsyncVerifierV2 com.google.android.gms               W  Error performing check:  [CONTEXT service_id=244 ]
2026-07-21 13:11:23.742  1950-2608  AppLinksAsyncVerifierV2 com.google.android.gms               W  Check request failed: null [CONTEXT service_id=244 ]
2026-07-21 13:11:23.743  1950-2244  AppLinksAsyncVerifierV2 com.google.android.gms               W  Error performing check:  [CONTEXT service_id=244 ]
2026-07-21 13:11:23.743  1950-2244  AppLinksAsyncVerifierV2 com.google.android.gms               W  Check request failed: null [CONTEXT service_id=244 ]
2026-07-21 13:11:23.744  1340-1382  WindowManagerShell      com.android.systemui                 D  TvPipController: onTaskStackChanged()
2026-07-21 13:11:23.745  1950-2153  AppLinksHostsVerifierV2 com.google.android.gms               I  (REDACTED) Verification %s complete. Successful hosts: %s. Failed hosts: %s. Error hosts: %s.
2026-07-21 13:11:23.752  1950-2153  AppLinksRequestHandler  com.google.android.gms               I  (REDACTED) Added erroneous request into database for package %s
2026-07-21 13:11:23.785  3566-3566  .cafemaestro.tv         zygote                               I  Using CollectorTypeCMC GC.
2026-07-21 13:11:23.787  3566-3566  .cafemaestro.tv         zygote                               W  Unexpected CPU variant for x86: x86.
                                                                                                    Known variants: atom, sandybridge, silvermont, goldmont, goldmont-plus, goldmont-without-sha-xsaves, tremont, kabylake, alderlake, default
2026-07-21 13:11:23.790  1950-2153  WebApkHostsVerifierV2   com.google.android.gms               I  (REDACTED) Processing %d input requests
2026-07-21 13:11:23.790  1950-2153  AppLinksUtilsV1         com.google.android.gms               I  Legacy cross-profile verification enabled [CONTEXT service_id=244 ]
2026-07-21 13:11:23.796  1898-1905  adbd                    adbd                                 I  jdwp connection from 3566
2026-07-21 13:11:23.806  1700-2080  JobInfo                 com...le.android.katniss:interactor  W  Requested important-while-foreground flag for job8 is ignored and takes no effect
2026-07-21 13:11:23.807  1700-2080  WM-SystemJobScheduler   com...le.android.katniss:interactor  D  Scheduling work ID 758ca3b6-eeaf-4ac2-bc45-6b5680d88541Job ID 8
---------------------------- PROCESS STARTED (3566) for package com.cafemaestro.tv ----------------------------
2026-07-21 13:11:23.815   697-697   Looper                  system_server                        W  Slow dispatch took 117ms main app=system_server main=true group=FOREGROUND h=android.os.Handler c=com.android.server.tv.TvRemoteProviderWatcher$2@a2dca38 m=0
2026-07-21 13:11:23.832  1606-3576  FontLog                 com.google.android.gms.persistent    I  (REDACTED) Package %s has no metadata
2026-07-21 13:11:23.859  1950-2153  AppLinksUtilsV1         com.google.android.gms               I  Legacy cross-profile verification enabled [CONTEXT service_id=244 ]
2026-07-21 13:11:23.860  1606-3576  GCM                     com.google.android.gms.persistent    W  Unexpected forwarded intent: Intent { act=android.intent.action.PACKAGE_ADDED dat=package: flg=0x4000010 pkg=com.google.android.gms cmp=com.google.android.gms/.chimera.PersistentIntentOperationService (has extras) }
2026-07-21 13:11:23.864  1950-2153  WebApkHostsVerifierV2   com.google.android.gms               I  (REDACTED) Returning %d non-WebAPK requests
2026-07-21 13:11:23.872  1606-3576  NetworkScheduler        com.google.android.gms.persistent    W  Unexpected forwarded intent: Intent { act=android.intent.action.PACKAGE_ADDED dat=package: flg=0x4000010 pkg=com.google.android.gms cmp=com.google.android.gms/.chimera.PersistentIntentOperationService (has extras) }
2026-07-21 13:11:23.875  1606-1682  cfkn                    com.google.android.gms.persistent    I  (REDACTED) Shared storage file not found for %s
2026-07-21 13:11:23.880   697-697   Looper                  system_server                        W  Drained
2026-07-21 13:11:23.881  1700-2080  WM-GreedyScheduler      com...le.android.katniss:interactor  I  Ignoring schedule request in a secondary process
2026-07-21 13:11:23.886  3566-3566  nativeloader            com.cafemaestro.tv                   D  Load libframework-connectivity-tiramisu-jni.so using APEX ns com_android_tethering for caller /apex/com.android.tethering/javalib/framework-connectivity-t.jar: ok
2026-07-21 13:11:23.896  1606-1682  cfkn                    com.google.android.gms.persistent    I  (REDACTED) Unable to retrieve flag snapshot for %s, using defaults.
2026-07-21 13:11:23.926  3108-3575  Finsky:background       com.android.vending:background       I  [79] Wrote row to frosting DB: 1
2026-07-21 13:11:23.945   697-1291  Background...rolService system_server                        D  Package event received: 0
2026-07-21 13:11:23.947  3108-3575  Finsky:background       com.android.vending:background       I  [79] Wrote row to frosting DB: 2
2026-07-21 13:11:23.950  1950-3594  Blockstore              com.google.android.gms               I  [PackageIntentOperation] Feature flags not enabled, skipping. [CONTEXT service_id=258 ]
2026-07-21 13:11:23.954  1950-3589  Auth                    com.google.android.gms               I  (REDACTED) [SupervisedAccountIntentOperation] onHandleIntent: %s
2026-07-21 13:11:23.978   697-1291  Background...rolService system_server                        D  Package event received: 0
2026-07-21 13:11:23.981  1950-1950  BoundBrokerSvc          com.google.android.gms               D  onBind: Intent { act=com.google.android.gms.common.BIND_SHARED_PREFS xflg=0x4 pkg=com.google.android.gms }
2026-07-21 13:11:23.981  1950-1950  BoundBrokerSvc          com.google.android.gms               D  Loading bound service for intent: Intent { act=com.google.android.gms.common.BIND_SHARED_PREFS xflg=0x4 pkg=com.google.android.gms }
2026-07-21 13:11:23.995  1950-2614  gle.android.gms         com.google.android.gms               I  AssetManager2(0xefc08714) locale list changing from [] to [en-US]
2026-07-21 13:11:24.024  1950-3594  NearbyDiscovery         com.google.android.gms               I  (REDACTED) processGrantSlicePermission: %s
2026-07-21 13:11:24.046   697-717   system_server           system_server                        I  Background concurrent mark compact GC freed 17MB AllocSpace bytes, 50(1192KB) LOS objects, 50% free, 17MB/35MB, paused 10.474ms,1.961ms total 1.052s
2026-07-21 13:11:24.053  1950-3478  gle.android.gms         com.google.android.gms               I  AssetManager2(0xefc0bad4) locale list changing from [] to [en-US]
2026-07-21 13:11:24.067   697-719   System                  system_server                        W  A resource failed to call close. 
2026-07-21 13:11:24.084  1950-2244  Icing                   com.google.android.gms               I  IndexChimeraService.getServiceInterface callingPackage=com.google.android.gms componentName=AppsCorpus serviceId=36
2026-07-21 13:11:24.110  1950-3478  Icing                   com.google.android.gms               I  Usage reports ok 0, Failed Usage reports 0, indexed 0, rejected 0
2026-07-21 13:11:24.137  1950-2119  Icing                   com.google.android.gms               I  IndexChimeraService.getServiceInterface callingPackage=com.google.android.gms componentName=null serviceId=30
2026-07-21 13:11:24.147  3566-3566  nativeloader            com.cafemaestro.tv                   D  Configuring clns-7 for other apk /data/app/~~54Ax_yB9m-nkhrMrDrYtDQ==/com.cafemaestro.tv-IX-LA3Tdqkdkra2tiqQZlQ==/base.apk. target_sdk_version=36, uses_libraries=, library_path=/data/app/~~54Ax_yB9m-nkhrMrDrYtDQ==/com.cafemaestro.tv-IX-LA3Tdqkdkra2tiqQZlQ==/lib/x86, permitted_path=/data:/mnt/expand:/data/user/0/com.cafemaestro.tv
2026-07-21 13:11:24.159  1950-2614  Icing                   com.google.android.gms               I  Usage reports ok 0, Failed Usage reports 0, indexed 0, rejected 0
2026-07-21 13:11:24.162  3566-3566  .cafemaestro.tv         com.cafemaestro.tv                   I  AssetManager2(0xefc01b14) locale list changing from [] to [en-US]
2026-07-21 13:11:24.179  3566-3566  GraphicsEnvironment     com.cafemaestro.tv                   V  Currently set values for:
2026-07-21 13:11:24.179  3566-3566  GraphicsEnvironment     com.cafemaestro.tv                   V    angle_gl_driver_selection_pkgs=[]
2026-07-21 13:11:24.179  3566-3566  GraphicsEnvironment     com.cafemaestro.tv                   V    angle_gl_driver_selection_values=[]
2026-07-21 13:11:24.179  3566-3566  GraphicsEnvironment     com.cafemaestro.tv                   V  com.cafemaestro.tv is not listed in per-application setting
2026-07-21 13:11:24.180  3566-3566  GraphicsEnvironment     com.cafemaestro.tv                   V  ANGLE allowlist from config: 
2026-07-21 13:11:24.180  3566-3566  GraphicsEnvironment     com.cafemaestro.tv                   V  com.cafemaestro.tv is not listed in ANGLE allowlist or settings, returning default
2026-07-21 13:11:24.181  3566-3566  GraphicsEnvironment     com.cafemaestro.tv                   V  Neither updatable production driver nor prerelease driver is supported.
2026-07-21 13:11:24.290   697-1291  Background...rolService system_server                        D  Package event received: 0
2026-07-21 13:11:24.293   697-1291  Background...rolService system_server                        D  Package event received: 0
2026-07-21 13:11:24.300  3566-3604  DisplayManager          com.cafemaestro.tv                   I  Choreographer implicitly registered for the refresh rate.
2026-07-21 13:11:24.303   697-723   DisplayManagerService   system_server                        V  FrozenStateChangeCallback not supported for pid 3566
2026-07-21 13:11:24.308  3566-3566  .cafemaestro.tv         com.cafemaestro.tv                   I  AssetManager2(0xefc07094) locale list changing from [] to [en-US]
2026-07-21 13:11:24.320  1950-2391  dlve                    com.google.android.gms               W  [{0}] Failed to resolve name. status={1}
2026-07-21 13:11:24.380  3566-3604  EGL_emulation           com.cafemaestro.tv                   I  Opening libGLESv1_CM_emulation.so
2026-07-21 13:11:24.382  3566-3604  EGL_emulation           com.cafemaestro.tv                   I  Opening libGLESv2_emulation.so
2026-07-21 13:11:24.393  3566-3604  HWUI                    com.cafemaestro.tv                   W  Failed to initialize 101010-2 format, error = EGL_SUCCESS
2026-07-21 13:11:24.457  3566-3566  AppCompatDelegate       com.cafemaestro.tv                   D  Checking for metadata for AppLocalesMetadataHolderService : Service not found
2026-07-21 13:11:24.459  3566-3566  .cafemaestro.tv         com.cafemaestro.tv                   I  AssetManager2(0xefc00494) locale list changing from [] to [en-US]
2026-07-21 13:11:24.477  3566-3566  ashmem                  com.cafemaestro.tv                   E  Pinning is deprecated since Android Q. Please use trim or other methods.
2026-07-21 13:11:24.567  3566-3566  CompatChangeReporter    com.cafemaestro.tv                   D  Compat change id reported: 377864165; UID 10093; state: ENABLED
2026-07-21 13:11:24.570  3566-3566  DesktopModeFlags        com.cafemaestro.tv                   D  Toggle override initialized to: OVERRIDE_UNSET
2026-07-21 13:11:24.604  3566-3566  .cafemaestro.tv         com.cafemaestro.tv                   I  hiddenapi: Accessing hidden method Landroid/view/ViewGroup;->makeOptionalFitsSystemWindows()V (runtime_flags=0, domain=platform, api=unsupported) from Landroidx/appcompat/widget/ViewUtils; (domain=app) using reflection: allowed
2026-07-21 13:11:24.626  3566-3566  .cafemaestro.tv         com.cafemaestro.tv                   I  AssetManager2(0xefc01454) locale list changing from [] to [en-US]
2026-07-21 13:11:24.626  3566-3566  WebViewFactory          com.cafemaestro.tv                   I  Loading com.google.android.webview version 143.0.7499.24 (code 749902436)
2026-07-21 13:11:24.628  3566-3566  .cafemaestro.tv         com.cafemaestro.tv                   I  AssetManager2(0xefc00914) locale list changing from [] to [en-US]
2026-07-21 13:11:24.630  3566-3566  .cafemaestro.tv         com.cafemaestro.tv                   I  AssetManager2(0xefc02414) locale list changing from [] to [en-US]
2026-07-21 13:11:24.631  3566-3566  .cafemaestro.tv         com.cafemaestro.tv                   I  AssetManager2(0xefc021d4) locale list changing from [] to [en-US]
2026-07-21 13:11:24.634  3566-3566  .cafemaestro.tv         com.cafemaestro.tv                   I  AssetManager2(0xefc04394) locale list changing from [] to [en-US]
2026-07-21 13:11:24.635  3566-3566  ResourcesManager        com.cafemaestro.tv                   V  The following library key has been added: ResourcesKey{ mHash=6d95b78d mResDir=null mSplitDirs=[] mOverlayDirs=[] mLibDirs=[/data/app/~~HbLN4Z2rZYFqzGkUiY4NiQ==/com.google.android.webview-kA3TgB2AEESApK52GOCqLA==/WebViewGoogle.apk,/data/app/~~rc9GgFKhVWPN24e9x7bOFg==/com.google.android.trichromelibrary_749902436-ZniwqmkjOSdsyuUROJ2yfA==/TrichromeLibrary.apk] mDisplayId=0 mOverrideConfig=v36 mCompatInfo={320dpi always-compat} mLoaders=[]}
2026-07-21 13:11:24.640  3566-3566  .cafemaestro.tv         com.cafemaestro.tv                   W  Failed to find entry 'classes.dex': Entry not found
2026-07-21 13:11:24.643  3566-3566  nativeloader            com.cafemaestro.tv                   D  Configuring clns-8 for other apk /data/app/~~rc9GgFKhVWPN24e9x7bOFg==/com.google.android.trichromelibrary_749902436-ZniwqmkjOSdsyuUROJ2yfA==/TrichromeLibrary.apk. target_sdk_version=36, uses_libraries=ALL, library_path=/data/app/~~HbLN4Z2rZYFqzGkUiY4NiQ==/com.google.android.webview-kA3TgB2AEESApK52GOCqLA==/lib/x86:/data/app/~~HbLN4Z2rZYFqzGkUiY4NiQ==/com.google.android.webview-kA3TgB2AEESApK52GOCqLA==/WebViewGoogle.apk!/lib/x86:/data/app/~~rc9GgFKhVWPN24e9x7bOFg==/com.google.android.trichromelibrary_749902436-ZniwqmkjOSdsyuUROJ2yfA==/TrichromeLibrary.apk!/lib/x86, permitted_path=/data:/mnt/expand
2026-07-21 13:11:24.658  3566-3566  nativeloader            com.cafemaestro.tv                   D  Configuring clns-9 for other apk /data/app/~~HbLN4Z2rZYFqzGkUiY4NiQ==/com.google.android.webview-kA3TgB2AEESApK52GOCqLA==/WebViewGoogle.apk. target_sdk_version=36, uses_libraries=, library_path=/data/app/~~HbLN4Z2rZYFqzGkUiY4NiQ==/com.google.android.webview-kA3TgB2AEESApK52GOCqLA==/lib/x86:/data/app/~~HbLN4Z2rZYFqzGkUiY4NiQ==/com.google.android.webview-kA3TgB2AEESApK52GOCqLA==/WebViewGoogle.apk!/lib/x86:/data/app/~~rc9GgFKhVWPN24e9x7bOFg==/com.google.android.trichromelibrary_749902436-ZniwqmkjOSdsyuUROJ2yfA==/TrichromeLibrary.apk!/lib/x86, permitted_path=/data:/mnt/expand
2026-07-21 13:11:24.720  3566-3566  cr_WVCFactoryProvider   com.cafemaestro.tv                   I  version=143.0.7499.24 (749902436) minSdkVersion=29 multiprocess=true packageId=2 splits=<none>
2026-07-21 13:11:24.724  3566-3566  .cafemaestro.tv         com.cafemaestro.tv                   I  AssetManager2(0xefc006d4) locale list changing from [] to [en-US]
2026-07-21 13:11:24.764  3566-3566  nativeloader            com.cafemaestro.tv                   D  Load /data/app/~~rc9GgFKhVWPN24e9x7bOFg==/com.google.android.trichromelibrary_749902436-ZniwqmkjOSdsyuUROJ2yfA==/TrichromeLibrary.apk!/lib/x86/libmonochrome.so using class loader ns clns-9 (caller=/data/app/~~HbLN4Z2rZYFqzGkUiY4NiQ==/com.google.android.webview-kA3TgB2AEESApK52GOCqLA==/WebViewGoogle.apk): ok
2026-07-21 13:11:24.794  3566-3566  nativeloader            com.cafemaestro.tv                   D  Load /system/lib/libwebviewchromium_plat_support.so using class loader ns clns-9 (caller=/data/app/~~HbLN4Z2rZYFqzGkUiY4NiQ==/com.google.android.webview-kA3TgB2AEESApK52GOCqLA==/WebViewGoogle.apk): ok
2026-07-21 13:11:24.824  3566-3613  chromium                com.cafemaestro.tv                   I  [0721/131124.814057:INFO:android_webview/browser/variations/variations_seed_loader.cc:67] Failed to open file for reading.: No such file or directory (2)
2026-07-21 13:11:24.837  3566-3613  chromium                com.cafemaestro.tv                   I  [0721/131124.837128:INFO:android_webview/browser/variations/variations_seed_loader.cc:67] Failed to open file for reading.: No such file or directory (2)
2026-07-21 13:11:24.847   697-1291  Background...rolService system_server                        D  Package event received: 0
2026-07-21 13:11:24.851   697-723   Grammatica...ctionUtils system_server                        V  AttributionSource: android.content.AttributionSource@1f52484e does not have READ_SYSTEM_GRAMMATICAL_GENDER permission.
2026-07-21 13:11:24.862   451-451   Zygote                  zygote                               D  Forked child process 3615
2026-07-21 13:11:24.862   697-746   ActivityManager         system_server                        I  Start proc 3615:com.google.android.webview:webview_service/u0a61 for service {com.google.android.webview/org.chromium.android_webview.services.VariationsSeedServer}
2026-07-21 13:11:24.863   697-746   ActivityManager         system_server                        I  ProcessObserver broadcast disabled
2026-07-21 13:11:24.890  3566-3566  cr_LibraryLoader        com.cafemaestro.tv                   I  Successfully loaded native library
2026-07-21 13:11:24.907  3566-3566  cr_CachingUmaRecorder   com.cafemaestro.tv                   I  Flushed 20 samples from 20 histograms, 0 samples were dropped.
2026-07-21 13:11:24.916  3615-3615  webview_service         zygote                               I  Using CollectorTypeCMC GC.
2026-07-21 13:11:24.917  3615-3615  webview_service         zygote                               W  Unexpected CPU variant for x86: x86.
                                                                                                    Known variants: atom, sandybridge, silvermont, goldmont, goldmont-plus, goldmont-without-sha-xsaves, tremont, kabylake, alderlake, default
2026-07-21 13:11:24.925  3615-3615  webview_service         zygote                               E  Not starting debugger since process cannot load the jdwp agent.
2026-07-21 13:11:24.931  3615-3615  nativeloader            com...droid.webview:webview_service  D  Load libframework-connectivity-tiramisu-jni.so using APEX ns com_android_tethering for caller /apex/com.android.tethering/javalib/framework-connectivity-t.jar: ok
2026-07-21 13:11:24.938  3566-3566  cr_CombinedPProvider    com.cafemaestro.tv                   I  #registerProvider() provider:WV.jk@ec8374 isPolicyCacheEnabled:false policyProvidersSize:0
2026-07-21 13:11:24.954  3566-3566  cr_PolicyProvider       com.cafemaestro.tv                   I  #setManagerAndSource() 0
2026-07-21 13:11:24.961  3566-3566  cr_DisplayManager       com.cafemaestro.tv                   I  Is Display Topology available: false
2026-07-21 13:11:24.961  3615-3615  webview_service         com...droid.webview:webview_service  W  Failed to find entry 'classes.dex': Entry not found
2026-07-21 13:11:24.963  3615-3615  nativeloader            com...droid.webview:webview_service  D  Configuring clns-7 for other apk /data/app/~~rc9GgFKhVWPN24e9x7bOFg==/com.google.android.trichromelibrary_749902436-ZniwqmkjOSdsyuUROJ2yfA==/TrichromeLibrary.apk. target_sdk_version=36, uses_libraries=ALL, library_path=/data/app/~~HbLN4Z2rZYFqzGkUiY4NiQ==/com.google.android.webview-kA3TgB2AEESApK52GOCqLA==/lib/x86:/data/app/~~HbLN4Z2rZYFqzGkUiY4NiQ==/com.google.android.webview-kA3TgB2AEESApK52GOCqLA==/WebViewGoogle.apk!/lib/x86:/data/app/~~rc9GgFKhVWPN24e9x7bOFg==/com.google.android.trichromelibrary_749902436-ZniwqmkjOSdsyuUROJ2yfA==/TrichromeLibrary.apk!/lib/x86, permitted_path=/data:/mnt/expand:/data/user/0/com.google.android.webview
2026-07-21 13:11:24.966  3566-3566  .cafemaestro.tv         com.cafemaestro.tv                   I  AssetManager2(0xefc0d394) locale list changing from [] to [en-US]
2026-07-21 13:11:24.971  3566-3566  .cafemaestro.tv         com.cafemaestro.tv                   I  AssetManager2(0xefc08714) locale list changing from [] to [en-US]
2026-07-21 13:11:24.981  3615-3615  nativeloader            com...droid.webview:webview_service  D  Configuring clns-8 for other apk /data/app/~~HbLN4Z2rZYFqzGkUiY4NiQ==/com.google.android.webview-kA3TgB2AEESApK52GOCqLA==/WebViewGoogle.apk. target_sdk_version=36, uses_libraries=, library_path=/data/app/~~HbLN4Z2rZYFqzGkUiY4NiQ==/com.google.android.webview-kA3TgB2AEESApK52GOCqLA==/lib/x86:/data/app/~~HbLN4Z2rZYFqzGkUiY4NiQ==/com.google.android.webview-kA3TgB2AEESApK52GOCqLA==/WebViewGoogle.apk!/lib/x86:/data/app/~~rc9GgFKhVWPN24e9x7bOFg==/com.google.android.trichromelibrary_749902436-ZniwqmkjOSdsyuUROJ2yfA==/TrichromeLibrary.apk!/lib/x86, permitted_path=/data:/mnt/expand:/data/user/0/com.google.android.webview
2026-07-21 13:11:24.985  3615-3615  webview_service         com...droid.webview:webview_service  I  AssetManager2(0xefc06c14) locale list changing from [] to [en-US]
2026-07-21 13:11:24.990   697-3281  Grammatica...ctionUtils system_server                        V  AttributionSource: android.content.AttributionSource@f78857c3 does not have READ_SYSTEM_GRAMMATICAL_GENDER permission.
2026-07-21 13:11:25.002  1426-1426  Zygote                  webview_zygote                       I  Entering forkRepeatedly native zygote loop
2026-07-21 13:11:25.013  1426-1426  Zygote                  webview_zygote                       D  Forked child process 3628
2026-07-21 13:11:25.013  3615-3615  GraphicsEnvironment     com...droid.webview:webview_service  V  Currently set values for:
2026-07-21 13:11:25.013  3615-3615  GraphicsEnvironment     com...droid.webview:webview_service  V    angle_gl_driver_selection_pkgs=[]
2026-07-21 13:11:25.021  3628-3628  ocessService0:0         webview_zygote                       I  Using CollectorTypeCMC GC.
2026-07-21 13:11:25.023  3628-3628  ocessService0:0         webview_zygote                       W  Unexpected CPU variant for x86: x86.
                                                                                                    Known variants: atom, sandybridge, silvermont, goldmont, goldmont-plus, goldmont-without-sha-xsaves, tremont, kabylake, alderlake, default
2026-07-21 13:11:25.025  3615-3615  GraphicsEnvironment     com...droid.webview:webview_service  V    angle_gl_driver_selection_values=[]
2026-07-21 13:11:25.026  3615-3615  GraphicsEnvironment     com...droid.webview:webview_service  V  com.google.android.webview is not listed in per-application setting
2026-07-21 13:11:25.026  3615-3615  GraphicsEnvironment     com...droid.webview:webview_service  V  ANGLE allowlist from config: 
2026-07-21 13:11:25.026  3615-3615  GraphicsEnvironment     com...droid.webview:webview_service  V  com.google.android.webview is not listed in ANGLE allowlist or settings, returning default
2026-07-21 13:11:25.027  3628-3628  ocessService0:0         webview_zygote                       E  Not starting debugger since process cannot load the jdwp agent.
2026-07-21 13:11:25.027  3615-3615  GraphicsEnvironment     com...droid.webview:webview_service  V  Neither updatable production driver nor prerelease driver is supported.
2026-07-21 13:11:25.034  3628-3628  nativeloader            webview_zygote                       D  Load libframework-connectivity-tiramisu-jni.so using APEX ns com_android_tethering for caller /apex/com.android.tethering/javalib/framework-connectivity-t.jar: ok
2026-07-21 13:11:25.038   697-746   ActivityManager         system_server                        I  Start proc 3628:com.google.android.webview:sandboxed_process0:org.chromium.content.app.SandboxedProcessService0:0/u0ai9000 for  {com.cafemaestro.tv/org.chromium.content.app.SandboxedProcessService0:0}
2026-07-21 13:11:25.039   697-746   ActivityManager         system_server                        I  ProcessObserver broadcast disabled
2026-07-21 13:11:25.046  3615-3615  LoadedApk               com...droid.webview:webview_service  I  No resource references to update in package com.google.android.trichromelibrary
2026-07-21 13:11:25.053  3615-3615  cr_WebViewApkApp        com...droid.webview:webview_service  I  version=143.0.7499.24 (749902436) minSdkVersion=29 processName=com.google.android.webview:webview_service splits=<none>
2026-07-21 13:11:25.066  3628-3628  ocessService0:0         webview_zygote                       I  AssetManager2(0xefc06c14) locale list changing from [] to [en-US]
2026-07-21 13:11:25.073  3628-3628  LoadedApk               webview_zygote                       I  No resource references to update in package com.google.android.trichromelibrary
2026-07-21 13:11:25.076  3628-3628  cr_WebViewApkApp        webview_zygote                       I  version=143.0.7499.24 (749902436) minSdkVersion=29 processName=com.google.android.webview:sandboxed_process0:org.chromium.content.app.SandboxedProcessService0:0 splits=<none>
2026-07-21 13:11:25.083   697-1291  Background...rolService system_server                        D  Package event received: 0
2026-07-21 13:11:25.090   697-1291  Background...rolService system_server                        D  Package event received: 0
2026-07-21 13:11:25.100  3628-3628  cr_ChildProcessService  webview_zygote                       I  Creating new ChildProcessService pid=3628
2026-07-21 13:11:25.117  1950-2614  Icing                   com.google.android.gms               I  Indexing com.google.android.gms-apps from com.google.android.gms
2026-07-21 13:11:25.132  1950-2614  Icing                   com.google.android.gms               I  Indexing done com.google.android.gms-apps
2026-07-21 13:11:25.138  3566-3566  cr_CombinedPProvider    com.cafemaestro.tv                   I  #linkNativeInternal() 1
2026-07-21 13:11:25.140  3566-3566  cr_AppResProvider       com.cafemaestro.tv                   I  #getApplicationRestrictionsFromUserManager() Bundle[EMPTY_PARCEL]
2026-07-21 13:11:25.140  3566-3566  cr_PolicyProvider       com.cafemaestro.tv                   I  #notifySettingsAvailable() 0
2026-07-21 13:11:25.141  3566-3566  cr_CombinedPProvider    com.cafemaestro.tv                   I  #onSettingsAvailable() 0
2026-07-21 13:11:25.141  3566-3566  cr_CombinedPProvider    com.cafemaestro.tv                   I  #flushPolicies()
2026-07-21 13:11:25.164  1950-2614  Icing                   com.google.android.gms               I  Indexing com.google.android.gms-internal.3p:MobileApplication from com.google.android.gms
2026-07-21 13:11:25.180  1950-2614  Icing                   com.google.android.gms               I  Indexing done com.google.android.gms-internal.3p:MobileApplication
2026-07-21 13:11:25.359  1950-1950  BoundBrokerSvc          com.google.android.gms               D  onBind: Intent { act=com.google.android.gms.safebrowsing.SafeBrowsingService.START dat=chimera-action:/... xflg=0x4 cmp=com.google.android.gms/.chimera.GmsBoundBrokerService }
2026-07-21 13:11:25.359  1950-1950  BoundBrokerSvc          com.google.android.gms               D  Loading bound service for intent: Intent { act=com.google.android.gms.safebrowsing.SafeBrowsingService.START dat=chimera-action:/... xflg=0x4 cmp=com.google.android.gms/.chimera.GmsBoundBrokerService }
2026-07-21 13:11:25.378  3566-3566  chromium                com.cafemaestro.tv                   W  [WARNING:android_webview/browser/network_service/net_helpers.cc:143] HTTP Cache size is: 20971520
2026-07-21 13:11:25.481   697-1940  ConnectivityService     system_server                        D  requestNetwork for uid/pid:10093/3566 activeRequest: null callbackRequest: 100 [NetworkRequest [ REQUEST id=101, [ Capabilities: INTERNET&NOT_RESTRICTED&TRUSTED&NOT_VCN_MANAGED&NOT_BANDWIDTH_CONSTRAINED Uid: 10093 RequestorUid: 10093 RequestorPkg: com.cafemaestro.tv UnderlyingNetworks: Null] ]] callback flags: 0 order: 2147483647 isUidTracked: false declaredMethods: AVAIL|LOST|NC|LP
2026-07-21 13:11:25.483   697-1235  WifiNetworkFactory      system_server                        D  got request NetworkRequest [ REQUEST id=101, [ Capabilities: INTERNET&NOT_RESTRICTED&TRUSTED&NOT_VCN_MANAGED&NOT_BANDWIDTH_CONSTRAINED Uid: 10093 RequestorUid: 10093 RequestorPkg: com.cafemaestro.tv UnderlyingNetworks: Null] ]
2026-07-21 13:11:25.483   697-1235  UntrustedW...orkFactory system_server                        D  got request NetworkRequest [ REQUEST id=101, [ Capabilities: INTERNET&NOT_RESTRICTED&TRUSTED&NOT_VCN_MANAGED&NOT_BANDWIDTH_CONSTRAINED Uid: 10093 RequestorUid: 10093 RequestorPkg: com.cafemaestro.tv UnderlyingNetworks: Null] ]
2026-07-21 13:11:25.483   697-1235  OemPaidWif...orkFactory system_server                        D  got request NetworkRequest [ REQUEST id=101, [ Capabilities: INTERNET&NOT_RESTRICTED&TRUSTED&NOT_VCN_MANAGED&NOT_BANDWIDTH_CONSTRAINED Uid: 10093 RequestorUid: 10093 RequestorPkg: com.cafemaestro.tv UnderlyingNetworks: Null] ]
2026-07-21 13:11:25.484   697-1235  MultiInter...orkFactory system_server                        D  got request NetworkRequest [ REQUEST id=101, [ Capabilities: INTERNET&NOT_RESTRICTED&TRUSTED&NOT_VCN_MANAGED&NOT_BANDWIDTH_CONSTRAINED Uid: 10093 RequestorUid: 10093 RequestorPkg: com.cafemaestro.tv UnderlyingNetworks: Null] ]
2026-07-21 13:11:25.484   697-1246  ConnectivityService     system_server                        D  NetReassign [101 : null → 100] [c 1] [a 0] [i 2]
2026-07-21 13:11:25.484   697-1245  EthernetNetworkFactory  system_server                        D  eth0: onNetworkNeeded for request: NetworkRequest [ REQUEST id=101, [ Capabilities: INTERNET&NOT_RESTRICTED&TRUSTED&NOT_VCN_MANAGED&NOT_BANDWIDTH_CONSTRAINED Uid: 10093 RequestorUid: 10093 RequestorPkg: com.cafemaestro.tv UnderlyingNetworks: Null] ]
2026-07-21 13:11:25.484   697-1245  EthernetNetworkFactory  system_server                        D  IpClient already started
2026-07-21 13:11:25.488   697-1940  CompatChangeReporter    system_server                        D  Compat change id reported: 349487600; UID 10093; state: ENABLED
2026-07-21 13:11:25.491   697-1246  ConnectivityService     system_server                        D  NetReassign [no changes] [c 0] [a 1] [i 0]
2026-07-21 13:11:25.542   697-723   AutofillMa...erviceImpl system_server                        E  Bad service name: com.google.android.gms/.autofill.service.AutofillService
2026-07-21 13:11:25.551   697-1291  Background...rolService system_server                        D  Package event received: 0
2026-07-21 13:11:25.551   697-697   Grammatica...ctionUtils system_server                        V  AttributionSource: android.content.AttributionSource@5438838f does not have READ_SYSTEM_GRAMMATICAL_GENDER permission.
2026-07-21 13:11:25.562   451-451   Zygote                  zygote                               D  Forked child process 3667
2026-07-21 13:11:25.563   697-746   ActivityManager         system_server                        I  Start proc 3667:com.google.android.ext.services/u0a92 for service {com.google.android.ext.services/android.ext.services.autofill.InlineSuggestionRenderServiceImpl}
2026-07-21 13:11:25.563   697-746   ActivityManager         system_server                        I  ProcessObserver broadcast disabled
2026-07-21 13:11:25.572   697-723   AppsFilter              system_server                        I  interaction: PackageSetting{f6110ba com.cafemaestro.tv/10093} -> PackageSetting{948fb6b com.google.android.tv.remote.service/10043} BLOCKED
2026-07-21 13:11:25.599  3667-3667  id.ext.services         zygote                               I  Using CollectorTypeCMC GC.
2026-07-21 13:11:25.599  3667-3667  id.ext.services         zygote                               W  Unexpected CPU variant for x86: x86.
                                                                                                    Known variants: atom, sandybridge, silvermont, goldmont, goldmont-plus, goldmont-without-sha-xsaves, tremont, kabylake, alderlake, default
2026-07-21 13:11:25.603  3667-3667  id.ext.services         zygote                               E  Not starting debugger since process cannot load the jdwp agent.
2026-07-21 13:11:25.608  3667-3667  nativeloader            com.google.android.ext.services      D  Load libframework-connectivity-tiramisu-jni.so using APEX ns com_android_tethering for caller /apex/com.android.tethering/javalib/framework-connectivity-t.jar: ok
2026-07-21 13:11:25.624  3566-3566  Capacitor               com.cafemaestro.tv                   D  Starting BridgeActivity
2026-07-21 13:11:25.631  3667-3667  nativeloader            com.google.android.ext.services      D  Configuring clns-shared-7 for other apk /apex/com.android.extservices/priv-app/GoogleExtServices@360528020/GoogleExtServices.apk. target_sdk_version=36, uses_libraries=, library_path=/apex/com.android.extservices/priv-app/GoogleExtServices@360528020/lib/x86:/apex/com.android.extservices/priv-app/GoogleExtServices@360528020/GoogleExtServices.apk!/lib/x86:/system/lib, permitted_path=/data:/mnt/expand:/data/user/0/com.google.android.ext.services:/apex/com.android.extservices/priv-app/GoogleExtServices@360528020:/system/lib
2026-07-21 13:11:25.633  3667-3667  nativeloader            com.google.android.ext.services      D  InitApexLibraries:
                                                                                                      com_android_adservices: libhpke_jni.so:libtflite_support_classifiers_native.so
                                                                                                      com_android_appsearch: libicing.so
                                                                                                      com_android_art: libartservice.so
                                                                                                      com_android_bt: libbluetooth_jni.so
