                                                                                                    	at org.chromium.net.impl.CronetUrlRequest.onError(:com.google.android.gms.dynamite_cronetdynamite@255034130@25.50.34 (270700-0):3)
2026-07-21 13:11:00.270  1950-1950  BoundBrokerSvc          com.google.android.gms               D  onUnbind: Intent { act=com.google.android.gms.feedback.internal.IFeedbackService dat=chimera-action:/... xflg=0x4 cmp=com.google.android.gms/.chimera.GmsBoundBrokerService }
2026-07-21 13:11:00.448  2951-3301  Finsky                  com.android.vending                  I  [116] registerListener
2026-07-21 13:11:00.449  2951-3301  Finsky                  com.android.vending                  I  [116] DSC: reviveDownloads()
2026-07-21 13:11:00.452  2951-3301  Finsky                  com.android.vending                  I  [116] Initialized AssetModuleDownloader.
2026-07-21 13:11:00.457  3108-3155  Finsky:background       com.android.vending:background       I  [59] DS: reviveDownloads()
2026-07-21 13:11:00.521   697-875   ConnectivityService     system_server                        D  requestNetwork for uid/pid:10054/3108 activeRequest: null callbackRequest: 96 [NetworkRequest [ REQUEST id=97, [ Capabilities: INTERNET&NOT_RESTRICTED&TRUSTED&NOT_VCN_MANAGED&NOT_BANDWIDTH_CONSTRAINED Uid: 10054 RequestorUid: 10054 RequestorPkg: com.android.vending UnderlyingNetworks: Null] ]] callback flags: 0 order: 2147483647 isUidTracked: false declaredMethods: AVAIL|LOST
2026-07-21 13:11:00.522   697-1235  WifiNetworkFactory      system_server                        D  got request NetworkRequest [ REQUEST id=97, [ Capabilities: INTERNET&NOT_RESTRICTED&TRUSTED&NOT_VCN_MANAGED&NOT_BANDWIDTH_CONSTRAINED Uid: 10054 RequestorUid: 10054 RequestorPkg: com.android.vending UnderlyingNetworks: Null] ]
2026-07-21 13:11:00.522   697-1246  ConnectivityService     system_server                        D  NetReassign [97 : null → 100] [c 0] [a 1] [i 0]
2026-07-21 13:11:00.522   697-1235  UntrustedW...orkFactory system_server                        D  got request NetworkRequest [ REQUEST id=97, [ Capabilities: INTERNET&NOT_RESTRICTED&TRUSTED&NOT_VCN_MANAGED&NOT_BANDWIDTH_CONSTRAINED Uid: 10054 RequestorUid: 10054 RequestorPkg: com.android.vending UnderlyingNetworks: Null] ]
2026-07-21 13:11:00.523   697-1235  OemPaidWif...orkFactory system_server                        D  got request NetworkRequest [ REQUEST id=97, [ Capabilities: INTERNET&NOT_RESTRICTED&TRUSTED&NOT_VCN_MANAGED&NOT_BANDWIDTH_CONSTRAINED Uid: 10054 RequestorUid: 10054 RequestorPkg: com.android.vending UnderlyingNetworks: Null] ]
2026-07-21 13:11:00.523   697-1235  MultiInter...orkFactory system_server                        D  got request NetworkRequest [ REQUEST id=97, [ Capabilities: INTERNET&NOT_RESTRICTED&TRUSTED&NOT_VCN_MANAGED&NOT_BANDWIDTH_CONSTRAINED Uid: 10054 RequestorUid: 10054 RequestorPkg: com.android.vending UnderlyingNetworks: Null] ]
2026-07-21 13:11:00.523   697-1245  EthernetNetworkFactory  system_server                        D  eth0: onNetworkNeeded for request: NetworkRequest [ REQUEST id=97, [ Capabilities: INTERNET&NOT_RESTRICTED&TRUSTED&NOT_VCN_MANAGED&NOT_BANDWIDTH_CONSTRAINED Uid: 10054 RequestorUid: 10054 RequestorPkg: com.android.vending UnderlyingNetworks: Null] ]
2026-07-21 13:11:00.523   697-1245  EthernetNetworkFactory  system_server                        D  IpClient already started
2026-07-21 13:11:00.526  3108-3154  Finsky:background       com.android.vending:background       I  [58] DS: Network is available [NetworkState{connected=true, wifi=false, metered=false, roaming=false}].
2026-07-21 13:11:00.526  3108-3154  Finsky:background       com.android.vending:background       I  [58] DS: Updating downloads for network change
2026-07-21 13:11:00.527  3108-3304  Finsky:background       com.android.vending:background       I  [77] DS: downloadState filtering results: {}
2026-07-21 13:11:00.595  1453-1453  DnsResolver             com.android.networkstack.process     W  resNetworkResult:android.system.ErrnoException: resNetworkResult failed: ETIMEDOUT (Connection timed out)
2026-07-21 13:11:00.596  1453-1453  DnsResolver             com.android.networkstack.process     W  resNetworkResult:android.system.ErrnoException: resNetworkResult failed: ETIMEDOUT (Connection timed out)
2026-07-21 13:11:00.596  1453-3179  NetworkMonitor/100      com.android.networkstack.process     D  PROBE_DNS www.google.com 10026ms FAIL in type ADDRCONFIG android.net.DnsResolver$DnsException: android.system.ErrnoException: resNetworkResult failed: ETIMEDOUT (Connection timed out)
2026-07-21 13:11:01.589   697-875   OomAdjuster             system_server                        D  Not killing cached processes
2026-07-21 13:11:01.657  1606-1606  BoundBrokerSvc          com.google.android.gms.persistent    D  onUnbind: Intent { act=com.google.android.gms.icing.LIGHTWEIGHT_INDEX_SERVICE dat=chimera-action:/... xflg=0x4 cmp=com.google.android.gms/.chimera.PersistentApiService }
2026-07-21 13:11:01.857  2705-2919  cast_Clien...ovisioning com.google.android.apps.mediashell   I  Loading factory credentials for 1P device.
2026-07-21 13:11:01.858  2705-2919  ActivityThread          com.google.android.apps.mediashell   E  Failed to find provider info for com.google.android.tvsetup.app.machine.services.castsetup.castsetupinfo.CastInfoProvider
2026-07-21 13:11:01.859  2705-2919  cast_Clien...rovisioned com.google.android.apps.mediashell   E  Cannot get device credentials
2026-07-21 13:11:01.859  2705-2919  cast_Clien...ovisioning com.google.android.apps.mediashell   I  Retry loading factory credentials
2026-07-21 13:11:02.201  1606-1606  BoundBrokerSvc          com.google.android.gms.persistent    D  onUnbind: Intent { act=com.google.android.gms.presencemanager.service.START dat=chimera-action:/... xflg=0x4 cmp=com.google.android.gms/.chimera.PersistentApiService }
2026-07-21 13:11:02.212  1606-1606  BoundBrokerSvc          com.google.android.gms.persistent    D  onUnbind: Intent { act=com.google.android.gms.presencemanager.service.INTERNAL_IDENTITY dat=chimera-action:/... xflg=0x4 cmp=com.google.android.gms/.chimera.PersistentApiService }
2026-07-21 13:11:02.647  2951-2999  Finsky                  com.android.vending                  E  [53] GMS compliance query failed.
                                                                                                    com.google.common.util.concurrent.TimeoutFuture$TimeoutFutureException: Timed out: afxy@7749836[status=PENDING, setFuture=[dwj@2c97337[status=PENDING, info=[tag=[zpy@46b00a4]]]]]
2026-07-21 13:11:03.086  1453-3180  NetworkMonitor/100      com.android.networkstack.process     D  PROBE_DNS connectivitycheck.gstatic.com 12514ms FAIL in type ADDRCONFIG Timeout
2026-07-21 13:11:03.344  1950-1950  BoundBrokerSvc          com.google.android.gms               D  onUnbind: Intent { act=com.google.android.gms.safetynet.service.START xflg=0x4 pkg=com.google.android.gms }
2026-07-21 13:11:03.587  1453-3178  NetworkMonitor/100      com.android.networkstack.process     D  PROBE_FALLBACK http://play.googleapis.com/generate_204 Probe failed with exception java.net.UnknownHostException: Unable to resolve host "play.googleapis.com": No address associated with hostname
2026-07-21 13:11:03.802   697-1246  InetDiagMessage         system_server                        D  Destroyed 0 sockets, proto=IPPROTO_TCP, family=AF_INET, states=14
2026-07-21 13:11:03.803   697-1246  InetDiagMessage         system_server                        D  Destroyed 0 sockets, proto=IPPROTO_TCP, family=AF_INET6, states=14
2026-07-21 13:11:03.803   697-1246  InetDiagMessage         system_server                        D  Destroyed live tcp sockets for uids={10063} in 1ms
2026-07-21 13:11:03.803   697-1246  InetDiagMessage         system_server                        D  Destroyed 0 sockets, proto=IPPROTO_TCP, family=AF_INET, states=14
2026-07-21 13:11:03.803   697-1246  InetDiagMessage         system_server                        D  Destroyed 0 sockets, proto=IPPROTO_TCP, family=AF_INET6, states=14
2026-07-21 13:11:03.804   697-1246  InetDiagMessage         system_server                        D  Destroyed live tcp sockets for uids={20063} in 1ms
2026-07-21 13:11:03.914  2561-3321  ServiceBindIntentUtils  com.google.android.play.games        W  Dynamic lookup for intent failed for action: com.google.android.play.games.service.START_1P
2026-07-21 13:11:03.917   697-1291  Background...rolService system_server                        D  Package event received: 0
2026-07-21 13:11:03.923   697-1235  WifiConfigStore         system_server                        D  Writing to stores completed in 11 ms.
2026-07-21 13:11:03.929  1950-1992  cfkn                    com.google.android.gms               I  (REDACTED) Shared storage file not found for %s
2026-07-21 13:11:03.929  1950-1992  cfkn                    com.google.android.gms               I  (REDACTED) Unable to retrieve flag snapshot for %s, using defaults.
2026-07-21 13:11:03.934  1950-2598  StubBrokerPreprocessor  com.google.android.gms               I  (REDACTED) Client connected with Games SDK version (%s), GMS Core Client version (%s), Games stub module version (%s), and PGA version (%s)
2026-07-21 13:11:03.939  1950-2598  StubBrokerPreprocessor  com.google.android.gms               I  games feature request succeeded. [CONTEXT service_id=1 ]
2026-07-21 13:11:03.941  1950-3290  GmsDebugLogger          com.google.android.gms               I  [53] +games:0
2026-07-21 13:11:03.957  1606-1682  cfkn                    com.google.android.gms.persistent    I  (REDACTED) Shared storage file not found for %s
2026-07-21 13:11:05.720   697-1246  InetDiagMessage         system_server                        D  Destroyed 0 sockets, proto=IPPROTO_TCP, family=AF_INET, states=14
2026-07-21 13:11:05.720   697-1246  InetDiagMessage         system_server                        D  Destroyed 0 sockets, proto=IPPROTO_TCP, family=AF_INET6, states=14
2026-07-21 13:11:05.721   697-1246  InetDiagMessage         system_server                        D  Destroyed live tcp sockets for uids={10072} in 2ms
2026-07-21 13:11:05.722   697-1246  InetDiagMessage         system_server                        D  Destroyed 0 sockets, proto=IPPROTO_TCP, family=AF_INET, states=14
2026-07-21 13:11:05.722   697-1246  InetDiagMessage         system_server                        D  Destroyed 0 sockets, proto=IPPROTO_TCP, family=AF_INET6, states=14
2026-07-21 13:11:05.722   697-1246  InetDiagMessage         system_server                        D  Destroyed live tcp sockets for uids={20072} in 1ms
2026-07-21 13:11:05.771   697-1246  InetDiagMessage         system_server                        D  Destroyed 0 sockets, proto=IPPROTO_TCP, family=AF_INET, states=14
2026-07-21 13:11:05.772   697-1246  InetDiagMessage         system_server                        D  Destroyed 0 sockets, proto=IPPROTO_TCP, family=AF_INET6, states=14
2026-07-21 13:11:05.772   697-1246  InetDiagMessage         system_server                        D  Destroyed live tcp sockets for uids={10042} in 1ms
2026-07-21 13:11:05.772   697-1246  InetDiagMessage         system_server                        D  Destroyed 0 sockets, proto=IPPROTO_TCP, family=AF_INET, states=14
2026-07-21 13:11:05.772   697-1246  InetDiagMessage         system_server                        D  Destroyed 0 sockets, proto=IPPROTO_TCP, family=AF_INET6, states=14
2026-07-21 13:11:05.773   697-1246  InetDiagMessage         system_server                        D  Destroyed live tcp sockets for uids={20042} in 1ms
2026-07-21 13:11:06.321  2726-2812  DGFRR                   com.google.android.gms.unstable      E  FR error [CONTEXT service_id=25 ]
                                                                                                    java.io.IOException: Couldn't fetch response.
                                                                                                    	at ahgf.a(:com.google.android.gms@255034130@25.50.34 (270700-855735097):136)
                                                                                                    	at ahei.b(:com.google.android.gms@255034130@25.50.34 (270700-855735097):45)
                                                                                                    	at ahei.a(:com.google.android.gms@255034130@25.50.34 (270700-855735097):2)
                                                                                                    	at ahdx.a(:com.google.android.gms@255034130@25.50.34 (270700-855735097):106)
                                                                                                    	at ahds.f(:com.google.android.gms@255034130@25.50.34 (270700-855735097):217)
                                                                                                    	at com.google.android.gms.droidguard.DroidGuardFastRefreshGmsTaskBoundService.a(:com.google.android.gms@255034130@25.50.34 (270700-855735097):50)
                                                                                                    	at aysx.call(:com.google.android.gms@255034130@25.50.34 (270700-855735097):30)
                                                                                                    	at java.util.concurrent.FutureTask.run(FutureTask.java:317)
                                                                                                    	at afyo.c(:com.google.android.gms@255034130@25.50.34 (270700-855735097):50)
                                                                                                    	at afyo.run(:com.google.android.gms@255034130@25.50.34 (270700-855735097):73)
                                                                                                    	at java.util.concurrent.ThreadPoolExecutor.runWorker(ThreadPoolExecutor.java:1156)
                                                                                                    	at java.util.concurrent.ThreadPoolExecutor$Worker.run(ThreadPoolExecutor.java:651)
                                                                                                    	at agdx.run(:com.google.android.gms@255034130@25.50.34 (270700-855735097):8)
                                                                                                    	at java.lang.Thread.run(Thread.java:1119)
                                                                                                    Caused by: java.util.concurrent.ExecutionException: ayma: Failed to process request
                                                                                                    	at hfe.m(:com.google.android.gms@255034130@25.50.34 (270700-855735097):21)
                                                                                                    	at hfe.get(:com.google.android.gms@255034130@25.50.34 (270700-855735097):99)
                                                                                                    	at hfj.get(:com.google.android.gms@255034130@25.50.34 (270700-855735097):8)
                                                                                                    	at ahgf.a(:com.google.android.gms@255034130@25.50.34 (270700-855735097):119)
                                                                                                    	... 13 more
                                                                                                    Caused by: ayma: Failed to process request
                                                                                                    	at aymg.a(:com.google.android.gms@255034130@25.50.34 (270700-855735097):23)
                                                                                                    	at ayph.b(:com.google.android.gms@255034130@25.50.34 (270700-855735097):15)
                                                                                                    	at aypy.onFailed(:com.google.android.gms@255034130@25.50.34 (270700-855735097):13)
                                                                                                    	at m1.nf.onFailed(:com.google.android.gms.dynamite_cronetdynamite@255034130@25.50.34 (270700-0):3)
                                                                                                    	at m1.mb.run(:com.google.android.gms.dynamite_cronetdynamite@255034130@25.50.34 (270700-0):16)
                                                                                                    	... 6 more
                                                                                                    Caused by: m1.mo: Exception in CronetUrlRequest: net::ERR_NAME_NOT_RESOLVED, ErrorCode=1, InternalErrorCode=-105, Retryable=false
                                                                                                    	at org.chromium.net.impl.CronetUrlRequest.onError(:com.google.android.gms.dynamite_cronetdynamite@255034130@25.50.34 (270700-0):3)
2026-07-21 13:11:06.326  1606-1606  BoundBrokerSvc          com.google.android.gms.persistent    D  onRebind: Intent { act=com.google.android.gms.common.telemetry.service.START dat=chimera-action:/... xflg=0x4 cmp=com.google.android.gms/.chimera.PersistentApiService }
2026-07-21 13:11:06.340   697-2250  RemoteProvisionSysSvc   system_server                        I  getRegistration(android.hardware.security.keymint.IRemotelyProvisionedComponent/default)
2026-07-21 13:11:06.343   697-1291  Background...rolService system_server                        D  Package event received: 0
2026-07-21 13:11:06.345   697-1291  Background...rolService system_server                        D  Package event received: 0
2026-07-21 13:11:06.346  2726-2726  BoundBrokerSvc          com.google.android.gms.unstable      D  onUnbind: Intent { act=com.google.android.gms.droidguard.DroidGuardFastRefreshGmsTaskBoundService.ACTION_TASK_READY dat=chimera-action:/... xflg=0x4 cmp=com.google.android.gms/.chimera.UnstableInternalBoundBrokerService }
2026-07-21 13:11:06.348  1606-3324  NetworkScheduler.Stats  com.google.android.gms.persistent    I  (REDACTED) Task %s/%s finished executing. cause:%s result: %s elapsed_millis: %s uptime_millis: %s exec_start_elapsed_seconds: %s
2026-07-21 13:11:06.350   697-697   RegistrationProxy       system_server                        I  onServiceConnected: com.android.rkpdapp.service.RemoteProvisioningService
2026-07-21 13:11:06.356   697-1816  RegistrationProxy       system_server                        I  IGetRegistrationCallback.onSuccess
2026-07-21 13:11:06.359   697-1816  RemoteProvisionSysSvc   system_server                        I  Fetching key 10053 for client 127740053
2026-07-21 13:11:06.359   697-1816  RegistrationProxy       system_server                        I  getKeyAsync operation started with callback 142990762
2026-07-21 13:11:06.360  2535-2589  RkpdRegistrationBinder  com.google.android.rkpdapp           I  Key requested for : android.hardware.security.keymint.IRemotelyProvisionedComponent/default, clientUid: 1017, keyId: 10053, callback: 134767328
2026-07-21 13:11:06.362  2535-2589  RkpdRegistrationBinder  com.google.android.rkpdapp           I  No key assigned, looking for an available key with expiry of 2026-07-24T07:41:06.362002Z
2026-07-21 13:11:06.362  2535-2589  RkpdRegistrationBinder  com.google.android.rkpdapp           I  No key assigned, looking for an available key with expiry of 2026-07-21T08:41:06.360181Z
2026-07-21 13:11:06.364  2535-2589  RkpdRegistrationBinder  com.google.android.rkpdapp           I  No keys are available, kicking off provisioning
2026-07-21 13:11:06.364   697-2250  RegistrationProxy       system_server                        I  Provisioning required before keys are available for android.security.rkp.service.RegistrationProxy$2@885ddaa
2026-07-21 13:11:06.367  2535-2589  RkpdRegistrationBinder  com.google.android.rkpdapp           E  RKPD failed to provision keys
                                                                                                    com.android.rkpdapp.RkpdException: No network detected.
                                                                                                    	at com.android.rkpdapp.interfaces.ServerInterface.fetchGeek(ServerInterface.java:242)
                                                                                                    	at com.android.rkpdapp.interfaces.ServerInterface.fetchGeekAndUpdate(ServerInterface.java:317)
                                                                                                    	at com.android.rkpdapp.service.RegistrationBinder.fetchGeekAndProvisionKeys(RegistrationBinder.java:150)
                                                                                                    	at com.android.rkpdapp.service.RegistrationBinder.getKeyWorker(RegistrationBinder.java:120)
                                                                                                    	at com.android.rkpdapp.service.RegistrationBinder.getKeyThreadWorker(RegistrationBinder.java:244)
                                                                                                    	at com.android.rkpdapp.service.RegistrationBinder.lambda$getKey$3(RegistrationBinder.java:231)
                                                                                                    	at com.android.rkpdapp.service.RegistrationBinder.$r8$lambda$3tjqw_fbETEHa8OE8G7aQdQksF8(RegistrationBinder.java:0)
                                                                                                    	at com.android.rkpdapp.service.RegistrationBinder$$ExternalSyntheticLambda12.run(R8$$SyntheticClass:0)
                                                                                                    	at java.util.concurrent.Executors$RunnableAdapter.call(Executors.java:524)
                                                                                                    	at java.util.concurrent.FutureTask.run(FutureTask.java:317)
                                                                                                    	at java.util.concurrent.ThreadPoolExecutor.runWorker(ThreadPoolExecutor.java:1156)
                                                                                                    	at java.util.concurrent.ThreadPoolExecutor$Worker.run(ThreadPoolExecutor.java:651)
                                                                                                    	at java.lang.Thread.run(Thread.java:1119)
2026-07-21 13:11:06.368   697-697   RemoteProvisionSysSvc   system_server                        E  RKP error fetching key for client 127740053: ERROR_PENDING_INTERNET_CONNECTIVITY: No network detected.
2026-07-21 13:11:06.369   245-424   keystore2               keystore2                            E  system/security/keystore2/rkpd_client/src/lib.rs:193 - IGetKeyCallback failed: ERROR_PENDING_INTERNET_CONNECTIVITY: No network detected.
2026-07-21 13:11:06.369   245-260   keystore2               keystore2                            W  system/security/keystore2/src/remote_provisioning.rs:97 - Error occurred: system/security/keystore2/rkpd_client/src/lib.rs:194: GetKeyCallback failed: r#ERROR_PENDING_INTERNET_CONNECTIVITY "ERROR_PENDING_INTERNET_CONNECTIVITY: No network detected."
                                                                                                    
                                                                                                    Caused by:
                                                                                                        Failed to get key: r#ERROR_PENDING_INTERNET_CONNECTIVITY
2026-07-21 13:11:06.373   248-248   SoftKeymaster           and...ware.security.keymint-service  D  system/keymaster/km_openssl/certificate_utils.cpp, Line 148: Using TAG_CERTIFICATE_NOT_BEFORE: 0
2026-07-21 13:11:06.373   248-248   SoftKeymaster           and...ware.security.keymint-service  D  system/keymaster/km_openssl/certificate_utils.cpp, Line 154: Using TAG_CERTIFICATE_NOT_AFTER: 2461449600000
2026-07-21 13:11:06.373   248-248   SoftKeymaster           and...ware.security.keymint-service  D  system/keymaster/km_openssl/certificate_utils.cpp, Line 159: Got certificate date params:  NotBefore = 0, NotAfter = 2461449600000
2026-07-21 13:11:06.373   248-248   SoftKeymaster           and...ware.security.keymint-service  D  system/keymaster/km_openssl/certificate_utils.cpp, Line 273: Setting notBefore to 0
2026-07-21 13:11:06.373   248-248   SoftKeymaster           and...ware.security.keymint-service  D  system/keymaster/km_openssl/certificate_utils.cpp, Line 282: Setting notAfter to 2461449600
2026-07-21 13:11:06.388   697-2250  RemoteProvisionSysSvc   system_server                        I  getRegistration(android.hardware.security.keymint.IRemotelyProvisionedComponent/default)
2026-07-21 13:11:06.390   697-1291  Background...rolService system_server                        D  Package event received: 0
2026-07-21 13:11:06.391   697-1291  Background...rolService system_server                        D  Package event received: 0
2026-07-21 13:11:06.397   697-697   RegistrationProxy       system_server                        I  onServiceConnected: com.android.rkpdapp.service.RemoteProvisioningService
2026-07-21 13:11:06.400  1606-2372  NetworkScheduler.Stats  com.google.android.gms.persistent    I  (REDACTED) Task %s/%s started execution. cause:%s exec_start_elapsed_seconds: %s
2026-07-21 13:11:06.403   697-1475  RegistrationProxy       system_server                        I  IGetRegistrationCallback.onSuccess
2026-07-21 13:11:06.410   697-2250  RemoteProvisionSysSvc   system_server                        I  Fetching key 10053 for client 230298190
2026-07-21 13:11:06.410   697-2250  RegistrationProxy       system_server                        I  getKeyAsync operation started with callback 2211695
2026-07-21 13:11:06.411  2535-2590  RkpdRegistrationBinder  com.google.android.rkpdapp           I  Key requested for : android.hardware.security.keymint.IRemotelyProvisionedComponent/default, clientUid: 1017, keyId: 10053, callback: 155241740
2026-07-21 13:11:06.412  2535-2590  RkpdRegistrationBinder  com.google.android.rkpdapp           I  No key assigned, looking for an available key with expiry of 2026-07-24T07:41:06.412111Z
2026-07-21 13:11:06.413  2535-2590  RkpdRegistrationBinder  com.google.android.rkpdapp           I  No key assigned, looking for an available key with expiry of 2026-07-21T08:41:06.411039Z
2026-07-21 13:11:06.415  2535-2590  RkpdRegistrationBinder  com.google.android.rkpdapp           I  No keys are available, kicking off provisioning
2026-07-21 13:11:06.416   697-2302  RegistrationProxy       system_server                        I  Provisioning required before keys are available for android.security.rkp.service.RegistrationProxy$2@21bf6f
2026-07-21 13:11:06.419  2535-2590  RkpdRegistrationBinder  com.google.android.rkpdapp           E  RKPD failed to provision keys
                                                                                                    com.android.rkpdapp.RkpdException: No network detected.
                                                                                                    	at com.android.rkpdapp.interfaces.ServerInterface.fetchGeek(ServerInterface.java:242)
                                                                                                    	at com.android.rkpdapp.interfaces.ServerInterface.fetchGeekAndUpdate(ServerInterface.java:317)
                                                                                                    	at com.android.rkpdapp.service.RegistrationBinder.fetchGeekAndProvisionKeys(RegistrationBinder.java:150)
                                                                                                    	at com.android.rkpdapp.service.RegistrationBinder.getKeyWorker(RegistrationBinder.java:120)
                                                                                                    	at com.android.rkpdapp.service.RegistrationBinder.getKeyThreadWorker(RegistrationBinder.java:244)
                                                                                                    	at com.android.rkpdapp.service.RegistrationBinder.lambda$getKey$3(RegistrationBinder.java:231)
                                                                                                    	at com.android.rkpdapp.service.RegistrationBinder.$r8$lambda$3tjqw_fbETEHa8OE8G7aQdQksF8(RegistrationBinder.java:0)
                                                                                                    	at com.android.rkpdapp.service.RegistrationBinder$$ExternalSyntheticLambda12.run(R8$$SyntheticClass:0)
                                                                                                    	at java.util.concurrent.Executors$RunnableAdapter.call(Executors.java:524)
                                                                                                    	at java.util.concurrent.FutureTask.run(FutureTask.java:317)
                                                                                                    	at java.util.concurrent.ThreadPoolExecutor.runWorker(ThreadPoolExecutor.java:1156)
                                                                                                    	at java.util.concurrent.ThreadPoolExecutor$Worker.run(ThreadPoolExecutor.java:651)
                                                                                                    	at java.lang.Thread.run(Thread.java:1119)
2026-07-21 13:11:06.421  1606-3324  NetworkScheduler.Stats  com.google.android.gms.persistent    I  (REDACTED) Task %s/%s finished executing. cause:%s result: %s elapsed_millis: %s uptime_millis: %s exec_start_elapsed_seconds: %s
2026-07-21 13:11:06.423   697-697   RemoteProvisionSysSvc   system_server                        E  RKP error fetching key for client 230298190: ERROR_PENDING_INTERNET_CONNECTIVITY: No network detected.
2026-07-21 13:11:06.423   245-424   keystore2               keystore2                            E  system/security/keystore2/rkpd_client/src/lib.rs:193 - IGetKeyCallback failed: ERROR_PENDING_INTERNET_CONNECTIVITY: No network detected.
2026-07-21 13:11:06.424   245-260   keystore2               keystore2                            W  system/security/keystore2/src/remote_provisioning.rs:97 - Error occurred: system/security/keystore2/rkpd_client/src/lib.rs:194: GetKeyCallback failed: r#ERROR_PENDING_INTERNET_CONNECTIVITY "ERROR_PENDING_INTERNET_CONNECTIVITY: No network detected."
                                                                                                    
                                                                                                    Caused by:
                                                                                                        Failed to get key: r#ERROR_PENDING_INTERNET_CONNECTIVITY
2026-07-21 13:11:06.426   248-248   SoftKeymaster           and...ware.security.keymint-service  D  system/keymaster/km_openssl/certificate_utils.cpp, Line 148: Using TAG_CERTIFICATE_NOT_BEFORE: 0
2026-07-21 13:11:06.426   248-248   SoftKeymaster           and...ware.security.keymint-service  D  system/keymaster/km_openssl/certificate_utils.cpp, Line 154: Using TAG_CERTIFICATE_NOT_AFTER: 2461449600000
2026-07-21 13:11:06.426   248-248   SoftKeymaster           and...ware.security.keymint-service  D  system/keymaster/km_openssl/certificate_utils.cpp, Line 159: Got certificate date params:  NotBefore = 0, NotAfter = 2461449600000
2026-07-21 13:11:06.426   248-248   SoftKeymaster           and...ware.security.keymint-service  D  system/keymaster/km_openssl/certificate_utils.cpp, Line 273: Setting notBefore to 0
2026-07-21 13:11:06.426   248-248   SoftKeymaster           and...ware.security.keymint-service  D  system/keymaster/km_openssl/certificate_utils.cpp, Line 282: Setting notAfter to 2461449600
2026-07-21 13:11:06.429  1950-1992  cfkn                    com.google.android.gms               I  (REDACTED) Shared storage file not found for %s
2026-07-21 13:11:06.429  1950-1992  cfkn                    com.google.android.gms               I  (REDACTED) Unable to retrieve flag snapshot for %s, using defaults.
2026-07-21 13:11:06.471  1606-2372  NetworkScheduler.Stats  com.google.android.gms.persistent    I  (REDACTED) Task %s/%s started execution. cause:%s exec_start_elapsed_seconds: %s
2026-07-21 13:11:06.473  1950-2482  GCM-GMS                 com.google.android.gms               I  Registering GMS 745476177629
2026-07-21 13:11:06.577  1606-2365  GmsUrlRequestImpl       com.google.android.gms.persistent    W  [https://android.clients.google.com/auth/devicekey] Content-Type header is overwritten.
2026-07-21 13:11:06.579  1606-2221  DroidguardProvider      com.google.android.gms.persistent    W  droidguard took a lot of time : 18516 millis [CONTEXT service_id=257 ]
2026-07-21 13:11:06.625  1453-1453  DnsResolver             com.android.networkstack.process     W  resNetworkResult:android.system.ErrnoException: resNetworkResult failed: ETIMEDOUT (Connection timed out)
2026-07-21 13:11:06.637  1453-1453  DnsResolver             com.android.networkstack.process     W  resNetworkResult:android.system.ErrnoException: resNetworkResult failed: ETIMEDOUT (Connection timed out)
2026-07-21 13:11:06.643   697-889   OomAdjuster             system_server                        D  Not killing cached processes
2026-07-21 13:11:06.649  1700-2729  native                  com...le.android.katniss:interactor  E  E0000 00:00:1784619666.649498    2729 bidi_streaming_rpc_call.h:289] Aborting BidiStreamingRpcCall(0xefd48f40)
2026-07-21 13:11:06.649  1700-2721  native                  com...le.android.katniss:interactor  E  E0000 00:00:1784619666.649744    2721 response_handler.cc:202] S3 communication error with S3 error code "ABORTED" and message "Stream broken"
2026-07-21 13:11:06.649  1700-2721  native                  com...le.android.katniss:interactor  W  W0000 00:00:1784619666.649967    2721 s3session.cc:2220] VoicelessActivity: Detected communication error: Stream broken, error code= ABORTED
2026-07-21 13:11:06.650  1700-2721  native                  com...le.android.katniss:interactor  W  W0000 00:00:1784619666.650015    2721 s3session.cc:203] Cannot convert error code string "ABORTED" to int.
2026-07-21 13:11:06.650  1700-2721  native                  com...le.android.katniss:interactor  W  W0000 00:00:1784619666.650050    2721 s3session_internal.cc:22] Not playing error tts for voiceless request.
2026-07-21 13:11:06.650  1700-2721  native                  com...le.android.katniss:interactor  E  E0000 00:00:1784619666.650072    2721 s3session.cc:2345] Unable to convert error_code to DeviceStateEvent::OnCommunicationError: -1
2026-07-21 13:11:06.650  1700-2721  native                  com...le.android.katniss:interactor  W  W0000 00:00:1784619666.650946    2721 publisher.cc:36] [FTL] No subscribers for event "hvc.api.events.ConversationEvent" from publisher "S3Session"
2026-07-21 13:11:06.655  1700-2684  native                  com...le.android.katniss:interactor  W  W0000 00:00:1784619666.655257    2684 hvc_manager_impl.cc:3028] Bootup checkin has failed, rescheduling in 1.3929535s
2026-07-21 13:11:06.658   697-1246  InetDiagMessage         system_server                        D  Destroyed 0 sockets, proto=IPPROTO_TCP, family=AF_INET, states=14
2026-07-21 13:11:06.658  2951-2994  Finsky                  com.android.vending                  I  [51] WM::SCH: Logging work initialize for 1-1337
2026-07-21 13:11:06.658   697-1246  InetDiagMessage         system_server                        D  Destroyed 0 sockets, proto=IPPROTO_TCP, family=AF_INET6, states=14
2026-07-21 13:11:06.658   697-1246  InetDiagMessage         system_server                        D  Destroyed live tcp sockets for uids={10071} in 3ms
2026-07-21 13:11:06.659  1700-2689  chromium                com...le.android.katniss:interactor  W  [1700:2689:0721/131106.656718:WARNING:fcm_http_client.cc(88)] OnResponseReceived(...): Domain=FcmHttpClient, Code=NetworkError, Message=error_code=6
2026-07-21 13:11:06.659  1700-2689  native                  com...le.android.katniss:interactor  E  E0000 00:00:1784619666.659262    2689 http_client_with_backoff.cc:105] Received response with error. code=NetworkError message=error_code=6 request_id=0
2026-07-21 13:11:06.659  1700-2689  native                  com...le.android.katniss:interactor  E  E0000 00:00:1784619666.659612    2689 http_client_with_backoff.cc:113] Retrying request with http_status=0 request_id=0
2026-07-21 13:11:06.660   697-1246  InetDiagMessage         system_server                        D  Destroyed 0 sockets, proto=IPPROTO_TCP, family=AF_INET, states=14
2026-07-21 13:11:06.660   697-1246  InetDiagMessage         system_server                        D  Destroyed 0 sockets, proto=IPPROTO_TCP, family=AF_INET6, states=14
2026-07-21 13:11:06.660   697-1246  InetDiagMessage         system_server                        D  Destroyed live tcp sockets for uids={20071} in 1ms
2026-07-21 13:11:06.668  2951-2994  Finsky                  com.android.vending                  I  [51] WM::SCH: Logging work initialize for 37-0
2026-07-21 13:11:06.679  2951-3008  Finsky                  com.android.vending                  I  [57] SCH: Scheduling phonesky job Id: 1-1337, CT: 1784619648031, Constraints: [{ L: 0, D: 9438069, C: CHARGING_NONE, I: IDLE_NONE, N: NET_NONE, B: BATTERY_ANY }, { L: 0, D: 0, C: CHARGING_NONE, I: IDLE_NONE, N: NET_NONE, B: BATTERY_ANY }]
2026-07-21 13:11:06.691  2951-3016  Finsky                  com.android.vending                  I  [61] SCH: Scheduling 1 system job(s)
2026-07-21 13:11:06.691  2951-3016  Finsky                  com.android.vending                  I  [61] SCH: Scheduling expedited system job 9000
2026-07-21 13:11:06.697   697-2250  BestClock               system_server                        W  java.time.DateTimeException: No network time available
2026-07-21 13:11:06.697   697-2250  BestClock               system_server                        W  java.time.DateTimeException: No network time available
2026-07-21 13:11:06.697   697-2250  BestClock               system_server                        W  java.time.DateTimeException: No network time available
2026-07-21 13:11:06.697   697-2250  BestClock               system_server                        W  java.time.DateTimeException: No network time available
2026-07-21 13:11:06.700  2951-2951  Finsky                  com.android.vending                  I  [2] SCH: job service start with id 9000.
2026-07-21 13:11:06.711  2951-2999  Finsky                  com.android.vending                  I  [53] SCH: Scheduling phonesky job Id: 37-0, CT: 1784619648058, Constraints: [{ L: 0, D: 82800000, C: CHARGING_NONE, I: IDLE_NONE, N: NET_ANY, B: BATTERY_ANY }]
2026-07-21 13:11:06.719  2951-3063  Finsky                  com.android.vending                  I  [90] SCH: Satisfied jobs for 9000 are: 1-1337
2026-07-21 13:11:06.722  2951-3353  Finsky                  com.android.vending                  I  [118] SCH: Job 1-1337 starting
2026-07-21 13:11:06.723  2951-3008  Finsky                  com.android.vending                  I  [57] SCH: Scheduling 1 system job(s)
2026-07-21 13:11:06.723  2951-2951  Finsky                  com.android.vending                  I  [2] WM::SCH: Logging work start for 1-1337
2026-07-21 13:11:06.723  2951-2951  Finsky                  com.android.vending                  I  [2] DailyHygiene Holdoff skipped
2026-07-21 13:11:06.724  2951-3008  Finsky                  com.android.vending                  I  [57] SCH: Scheduling system job Id: 9002, L: 0, D: 82781335, C: false, I: false, N: 1
2026-07-21 13:11:06.724  2951-2951  Finsky                  com.android.vending                  I  [2] HC: Starting Hygiene for reason 15
2026-07-21 13:11:06.724  2951-2951  Finsky                  com.android.vending                  I  [2] HC: Diff version or system, clear token
2026-07-21 13:11:06.724  2951-2951  Finsky                  com.android.vending                  W  [2] For unauth, use getDfeApiNonAuthenticated() instead!
2026-07-21 13:11:06.725  2951-2951  Finsky                  com.android.vending                  I  [2] HC: Diff system, clear cache
2026-07-21 13:11:06.725  2951-3021  Volley                  com.android.vending                  D  [66] gwc.o: Cache cleared.
2026-07-21 13:11:06.726  2951-3051  Volley                  com.android.vending                  D  [81] gwc.o: Cache cleared.
2026-07-21 13:11:06.728   697-2250  ConnectivityService     system_server                        D  requestNetwork for uid/pid:1000/697 asUid: 10054 activeRequest: null callbackRequest: 98 [NetworkRequest [ REQUEST id=99, [ Capabilities: INTERNET&NOT_RESTRICTED&TRUSTED&NOT_VCN_MANAGED&NOT_BANDWIDTH_CONSTRAINED Uid: 10054 RequestorUid: 1000 RequestorPkg: android UnderlyingNetworks: Null] ]] callback flags: 0 order: 2147483647 isUidTracked: false declaredMethods: AVAIL|LOST|BLK
2026-07-21 13:11:06.730   697-1245  EthernetNetworkFactory  system_server                        D  eth0: onNetworkNeeded for request: NetworkRequest [ REQUEST id=99, [ Capabilities: INTERNET&NOT_RESTRICTED&TRUSTED&NOT_VCN_MANAGED&NOT_BANDWIDTH_CONSTRAINED Uid: 10054 RequestorUid: 1000 RequestorPkg: android UnderlyingNetworks: Null] ]
2026-07-21 13:11:06.730   697-1245  EthernetNetworkFactory  system_server                        D  IpClient already started
2026-07-21 13:11:06.730   697-1235  WifiNetworkFactory      system_server                        D  got request NetworkRequest [ REQUEST id=99, [ Capabilities: INTERNET&NOT_RESTRICTED&TRUSTED&NOT_VCN_MANAGED&NOT_BANDWIDTH_CONSTRAINED Uid: 10054 RequestorUid: 1000 RequestorPkg: android UnderlyingNetworks: Null] ]
2026-07-21 13:11:06.730   697-1235  UntrustedW...orkFactory system_server                        D  got request NetworkRequest [ REQUEST id=99, [ Capabilities: INTERNET&NOT_RESTRICTED&TRUSTED&NOT_VCN_MANAGED&NOT_BANDWIDTH_CONSTRAINED Uid: 10054 RequestorUid: 1000 RequestorPkg: android UnderlyingNetworks: Null] ]
2026-07-21 13:11:06.731   697-1235  OemPaidWif...orkFactory system_server                        D  got request NetworkRequest [ REQUEST id=99, [ Capabilities: INTERNET&NOT_RESTRICTED&TRUSTED&NOT_VCN_MANAGED&NOT_BANDWIDTH_CONSTRAINED Uid: 10054 RequestorUid: 1000 RequestorPkg: android UnderlyingNetworks: Null] ]
2026-07-21 13:11:06.731   697-1235  MultiInter...orkFactory system_server                        D  got request NetworkRequest [ REQUEST id=99, [ Capabilities: INTERNET&NOT_RESTRICTED&TRUSTED&NOT_VCN_MANAGED&NOT_BANDWIDTH_CONSTRAINED Uid: 10054 RequestorUid: 1000 RequestorPkg: android UnderlyingNetworks: Null] ]
2026-07-21 13:11:06.731   697-1246  ConnectivityService     system_server                        D  NetReassign [99 : null → 100] [c 0] [a 0] [i 2]
2026-07-21 13:11:06.740  2951-2951  Finsky                  com.android.vending                  W  [2] For unauth, use getDfeApiNonAuthenticated() instead!
2026-07-21 13:11:06.761  2951-2951  Finsky                  com.android.vending                  I  [2] HC: Probe unauthenticated for hygiene pass
2026-07-21 13:11:06.774  1606-1631  UsageReportingOptionsSt com.google.android.gms.persistent    W  INTERNAL_ERROR: setPlayPassOptIn failed with null account [CONTEXT service_id=41 ]
2026-07-21 13:11:06.774  1606-1631  UsageReportingOptionsSt com.google.android.gms.persistent    E  INTERNAL_ERROR: setOptInOption should not be called while user is locked. [CONTEXT service_id=41 ]
2026-07-21 13:11:06.784   697-2250  FileUtils               system_server                        D  Rounded bytes from 2068742144 to 4000000000
2026-07-21 13:11:06.790  2951-3008  Finsky                  com.android.vending                  W  [57] Phonesky doesn't have read phone state permission
2026-07-21 13:11:06.797  2951-2999  Finsky                  com.android.vending                  I  [53] Initializing FirebaseApp
2026-07-21 13:11:06.802  2951-3008  EGL_emulation           com.android.vending                  I  Opening libGLESv1_CM_emulation.so
2026-07-21 13:11:06.806  2951-3008  EGL_emulation           com.android.vending                  I  Opening libGLESv2_emulation.so
2026-07-21 13:11:06.813  2951-2999  FirebaseApp             com.android.vending                  I  Device unlocked: initializing all Firebase APIs for app [DEFAULT]
2026-07-21 13:11:06.823  2951-2999  Finsky                  com.android.vending                  I  [53] Start requesting FCM Reg Id
2026-07-21 13:11:06.826  2951-3362  DynamiteModule          com.android.vending                  W  Local module descriptor class for com.google.android.gms.measurement.dynamite not found.
2026-07-21 13:11:06.831  2951-3362  DynamiteModule          com.android.vending                  I  Considering local module com.google.android.gms.measurement.dynamite:0 and remote module com.google.android.gms.measurement.dynamite:172
2026-07-21 13:11:06.831  2951-3362  DynamiteModule          com.android.vending                  I  Selected remote version of com.google.android.gms.measurement.dynamite, version >= 172
2026-07-21 13:11:06.840   697-1291  Background...rolService system_server                        D  Package event received: 0
2026-07-21 13:11:06.843  2951-3362  android.vending         com.android.vending                  I  AssetManager2(0xefc0a214) locale list changing from [] to [en-US]
2026-07-21 13:11:06.843  2951-3362  android.vending         com.android.vending                  I  AssetManager2(0xefc084d4) locale list changing from [] to [en-US]
2026-07-21 13:11:06.855  2951-3362  android.vending         com.android.vending                  I  Waiting for a blocking GC ClassLinker
2026-07-21 13:11:06.885  2951-3362  android.vending         com.android.vending                  I  WaitForGcToComplete blocked ClassLinker on Background for 29.512ms
2026-07-21 13:11:06.894  2951-3362  DynamiteModule          com.android.vending                  W  Local module descriptor class for com.google.android.gms.measurement.dynamite not found.
2026-07-21 13:11:06.913  2951-3008  Finsky                  com.android.vending                  I  [57] [PLUS] Adding payload case=8
2026-07-21 13:11:06.913  2951-3008  Finsky                  com.android.vending                  I  [57] [PLUS] Adding payload case=10
2026-07-21 13:11:06.914  2951-3008  Finsky                  com.android.vending                  I  [57] [PLUS] Adding payload case=11
2026-07-21 13:11:06.914  2951-3008  Finsky                  com.android.vending                  I  [57] [PLUS] Adding payload case=12
2026-07-21 13:11:06.914  2951-3008  Finsky                  com.android.vending                  I  [57] [PLUS] Adding payload case=13
2026-07-21 13:11:06.914  2951-3008  Finsky                  com.android.vending                  I  [57] [PLUS] Adding payload case=14
2026-07-21 13:11:06.914  2951-3008  Finsky                  com.android.vending                  I  [57] [PLUS] Adding payload case=15
2026-07-21 13:11:06.914  2951-3008  Finsky                  com.android.vending                  I  [57] [PLUS] Adding payload case=16
2026-07-21 13:11:06.915  2951-3008  Finsky                  com.android.vending                  I  [57] [PLUS] Adding payload case=18
2026-07-21 13:11:06.915  2951-3008  Finsky                  com.android.vending                  I  [57] [PLUS] Adding payload case=19
2026-07-21 13:11:06.915  2951-3008  Finsky                  com.android.vending                  I  [57] [PLUS] Adding payload case=20
2026-07-21 13:11:06.915  2951-3008  Finsky                  com.android.vending                  I  [57] [PLUS] Adding payload case=21
2026-07-21 13:11:06.915  2951-3008  Finsky                  com.android.vending                  I  [57] [PLUS] Adding payload case=24
2026-07-21 13:11:06.915  2951-3008  Finsky                  com.android.vending                  I  [57] [PLUS] Adding payload case=34
2026-07-21 13:11:06.919  2951-3008  Finsky                  com.android.vending                  I  [57] [PLUS] Triggering sync due to NOW_EXCLUSIVE urgency payload
2026-07-21 13:11:06.924  2951-3016  Finsky                  com.android.vending                  I  [61] [PLUS] Syncing for users with urgency above: NOW_EXCLUSIVE
2026-07-21 13:11:06.924  2951-3016  Finsky                  com.android.vending                  E  [61] Unexpected android-id = 0
2026-07-21 13:11:06.924  2951-3016  Finsky                  com.android.vending                  E  [61] [PLUS] Failed to trigger NOW_EXCLUSIVE urgency sync
                                                                                                    java.lang.IllegalStateException: Cannot sync with 0 Android ID
                                                                                                    	at vtg.a(PG:61)
                                                                                                    	at vsx.a(PG:1837)
                                                                                                    	at afxy.d(PG:3)
                                                                                                    	at afya.run(PG:38)
                                                                                                    	at java.util.concurrent.ThreadPoolExecutor.runWorker(ThreadPoolExecutor.java:1156)
                                                                                                    	at java.util.concurrent.ThreadPoolExecutor$Worker.run(ThreadPoolExecutor.java:651)
