2026-07-21 13:11:27.227  1950-2614  GCM-GMS                 com.google.android.gms               I  Registering GMS for direct boot.
2026-07-21 13:11:27.249  3108-3151  WM-PackageManagerHelper com.android.vending:background       D  Skipping component enablement for androidx.work.impl.background.systemalarm.RescheduleReceiver
2026-07-21 13:11:27.276  3723-3723  ApplicationLoaders      com.android.vending:quick_launch     D  Returning zygote-cached class loader: /system/framework/org.apache.http.legacy.jar
2026-07-21 13:11:27.302  1950-2614  GCM-GMS                 com.google.android.gms               W  Failed to get direct boot token: java.io.IOException: AUTHENTICATION_FAILED
2026-07-21 13:11:27.309  3723-3723  nativeloader            com.android.vending:quick_launch     D  InitLlndkLibrariesProduct: libEGL.so:libGLESv1_CM.so:libGLESv2.so:libGLESv3.so:libRS.so:libandroid_net.so:libapexsupport.so:libavf.so:libbinder_ndk.so:libc.so:libcgrouprc.so:libclang_rt.asan-i686-android.so:libcom.android.tethering.connectivity_native.so:libdl.so:libft2.so:liblog.so:libm.so:libmediandk.so:libnativewindow.so:libneuralnetworks.so:libselinux.so:libsync.so:libvendorsupport.so:libvndksupport.so:libvulkan.so
2026-07-21 13:11:27.315  3723-3723  nativeloader            com.android.vending:quick_launch     D  Configuring product-clns-7 for unbundled product apk /product/priv-app/Tubesky/Tubesky.apk. target_sdk_version=36, uses_libraries=, library_path=/product/priv-app/Tubesky/lib/x86:/product/priv-app/Tubesky/Tubesky.apk!/lib/x86:/product/lib:/system/product/lib, permitted_path=/data:/mnt/expand:/data/user/0/com.android.vending:/product/lib:/system/product/lib
2026-07-21 13:11:27.320  3723-3723  nativeloader            com.android.vending:quick_launch     D  InitVndkspLibrariesProduct: VNDK is deprecated with product
2026-07-21 13:11:27.328  3723-3723  ng:quick_launch         com.android.vending:quick_launch     I  AssetManager2(0xefc06c14) locale list changing from [] to [en-US]
2026-07-21 13:11:27.333  1950-3441  PeopleGmsP...trIntentOp com.google.android.gms               W  Google Api connection failed
2026-07-21 13:11:27.342  1606-2532  NetworkScheduler.Stats  com.google.android.gms.persistent    I  (REDACTED) Task %s/%s finished executing. cause:%s result: %s elapsed_millis: %s uptime_millis: %s exec_start_elapsed_seconds: %s
2026-07-21 13:11:27.343  3723-3723  GraphicsEnvironment     com.android.vending:quick_launch     V  Currently set values for:
2026-07-21 13:11:27.343  3723-3723  GraphicsEnvironment     com.android.vending:quick_launch     V    angle_gl_driver_selection_pkgs=[]
2026-07-21 13:11:27.343  3723-3723  GraphicsEnvironment     com.android.vending:quick_launch     V    angle_gl_driver_selection_values=[]
2026-07-21 13:11:27.343  3723-3723  GraphicsEnvironment     com.android.vending:quick_launch     V  com.android.vending is not listed in per-application setting
2026-07-21 13:11:27.343  3723-3723  GraphicsEnvironment     com.android.vending:quick_launch     V  ANGLE allowlist from config: 
2026-07-21 13:11:27.343  3723-3723  GraphicsEnvironment     com.android.vending:quick_launch     V  com.android.vending is not listed in ANGLE allowlist or settings, returning default
2026-07-21 13:11:27.343  3723-3723  GraphicsEnvironment     com.android.vending:quick_launch     V  Neither updatable production driver nor prerelease driver is supported.
2026-07-21 13:11:27.363  3723-3723  Finsky:quick_launch     com.android.vending:quick_launch     I  [2] Process created at version: 50.4.13-31 [8] [PR] 876381640
2026-07-21 13:11:27.410  3723-3753  nativeloader            com.android.vending:quick_launch     D  Load /product/priv-app/Tubesky/Tubesky.apk!/lib/x86/libmappedcountercacheversionjni.so using class loader ns product-clns-7 (caller=/product/priv-app/Tubesky/Tubesky.apk): ok
2026-07-21 13:11:27.429  2726-2726  BoundBrokerSvc          com.google.android.gms.unstable      D  onBind: Intent { act=com.google.android.gms.droidguard.DroidGuardFastRefreshGmsTaskBoundService.ACTION_TASK_READY dat=chimera-action:/... xflg=0x4 cmp=com.google.android.gms/.chimera.UnstableInternalBoundBrokerService }
2026-07-21 13:11:27.429  2726-2726  BoundBrokerSvc          com.google.android.gms.unstable      D  Loading bound service for intent: Intent { act=com.google.android.gms.droidguard.DroidGuardFastRefreshGmsTaskBoundService.ACTION_TASK_READY dat=chimera-action:/... xflg=0x4 cmp=com.google.android.gms/.chimera.UnstableInternalBoundBrokerService }
2026-07-21 13:11:27.436  1606-2092  NetworkScheduler.Stats  com.google.android.gms.persistent    I  (REDACTED) Task %s/%s started execution. cause:%s exec_start_elapsed_seconds: %s
2026-07-21 13:11:27.446  3723-3723  Endpoint                com.android.vending:quick_launch     I  Created gRPC endpoint for service class com.google.frameworks.client.data.android.server.play.QuickLaunchProcessEndpointService
2026-07-21 13:11:27.451  3723-3723  Finsky:quick_launch     com.android.vending:quick_launch     I  [2] This process start was not selected for Play memory metrics collection.
2026-07-21 13:11:27.487  3723-3759  Finsky:quick_launch     com.android.vending:quick_launch     I  [50] SCH: Received scheduling request: Id: 10-141, Constraints: [{ L: 0, D: 86400000, C: CHARGING_NONE, I: IDLE_NONE, N: NET_NONE, B: BATTERY_ANY }]
2026-07-21 13:11:27.492  3723-3759  Finsky:quick_launch     com.android.vending:quick_launch     I  [50] SCH: Deleting scheduler db
2026-07-21 13:11:27.493  3723-3759  Finsky:quick_launch     com.android.vending:quick_launch     I  [50] Resetting scheduler db
2026-07-21 13:11:27.501   697-3281  OomAdjuster             system_server                        D  Not killing cached processes
2026-07-21 13:11:27.504  3723-3760  ashmem                  com.android.vending:quick_launch     E  Pinning is deprecated since Android Q. Please use trim or other methods.
2026-07-21 13:11:27.555  3723-3762  Finsky:quick_launch     com.android.vending:quick_launch     I  [53] SCH: no pending jobs to schedule.
2026-07-21 13:11:27.656   697-900   ActivityManager         system_server                        D  freezing 2535 com.google.android.rkpdapp
2026-07-21 13:11:27.659   697-1246  InetDiagMessage         system_server                        D  Destroyed 0 sockets, proto=IPPROTO_TCP, family=AF_INET, states=14
2026-07-21 13:11:27.659   697-1246  InetDiagMessage         system_server                        D  Destroyed 0 sockets, proto=IPPROTO_TCP, family=AF_INET6, states=14
2026-07-21 13:11:27.659   697-1246  InetDiagMessage         system_server                        D  Destroyed live tcp sockets for uids={10070} in 1ms
2026-07-21 13:11:27.790  1700-2729  native                  com...le.android.katniss:interactor  E  E0000 00:00:1784619687.790554    2729 bidi_streaming_rpc_call.h:289] Aborting BidiStreamingRpcCall(0xefd45710)
2026-07-21 13:11:27.790  1700-2721  native                  com...le.android.katniss:interactor  E  E0000 00:00:1784619687.790841    2721 response_handler.cc:202] S3 communication error with S3 error code "ABORTED" and message "Stream broken"
2026-07-21 13:11:27.791  1700-2721  native                  com...le.android.katniss:interactor  W  W0000 00:00:1784619687.791084    2721 s3session.cc:2220] VoicelessActivity: Detected communication error: Stream broken, error code= ABORTED
2026-07-21 13:11:27.791  1700-2721  native                  com...le.android.katniss:interactor  W  W0000 00:00:1784619687.791223    2721 s3session.cc:203] Cannot convert error code string "ABORTED" to int.
2026-07-21 13:11:27.791  1700-2721  native                  com...le.android.katniss:interactor  W  W0000 00:00:1784619687.791407    2721 s3session_internal.cc:22] Not playing error tts for voiceless request.
2026-07-21 13:11:27.791  1700-2721  native                  com...le.android.katniss:interactor  E  E0000 00:00:1784619687.791428    2721 s3session.cc:2345] Unable to convert error_code to DeviceStateEvent::OnCommunicationError: -1
2026-07-21 13:11:27.793  1700-2721  native                  com...le.android.katniss:interactor  W  W0000 00:00:1784619687.793384    2721 publisher.cc:36] [FTL] No subscribers for event "hvc.api.events.ConversationEvent" from publisher "S3Session"
2026-07-21 13:11:27.794  1700-2684  native                  com...le.android.katniss:interactor  W  W0000 00:00:1784619687.794251    2684 hvc_manager_impl.cc:3028] Bootup checkin has failed, rescheduling in 4.281993s
2026-07-21 13:11:27.795  1950-2440  Checkin                 com.google.android.gms               W  [CheckinRequestProcessor] Default Task : Checkin failed: https://android.googleapis.com/checkin (fragment #0) Unable to resolve host "android.googleapis.com": No address associated with hostname
2026-07-21 13:11:27.842  1950-2440  Checkin                 com.google.android.gms               I  [CheckinOperation] Checkin Operation finished with result: FAILURE finish time: 178841.
2026-07-21 13:11:27.847  1950-2440  Checkin                 com.google.android.gms               I  [ScheduledCheckinGmsTaskService] scheduleCheckinTask
2026-07-21 13:11:27.896  1950-2440  Checkin                 com.google.android.gms               I  [ExecutionManager] Checkin scheduled at 7369105 with schedule delay: 7190258
2026-07-21 13:11:27.908  1950-2440  gle.android.gms         com.google.android.gms               I  AssetManager2(0xefc08714) locale list changing from [] to [en-US]
2026-07-21 13:11:27.909  1950-2440  ContextImpl             com.google.android.gms               W  Failed to ensure /data/user/0/com.google.android.gsf/files: mkdir failed: ENOENT (No such file or directory)
2026-07-21 13:11:27.909  1950-2440  ContextImpl             com.google.android.gms               W  Failed to ensure /data/user/0/com.google.android.gsf/shared_prefs: mkdir failed: ENOENT (No such file or directory)
2026-07-21 13:11:27.918   697-902   RoleService             system_server                        I  Granting default roles...
2026-07-21 13:11:27.922   697-1483  SignedPackage           system_server                        W  Cannot get ApplicationInfo for package: com.android.messaging
2026-07-21 13:11:27.930  1700-2689  chromium                com...le.android.katniss:interactor  W  [1700:2689:0721/131127.929850:WARNING:fcm_http_client.cc(88)] OnResponseReceived(...): Domain=FcmHttpClient, Code=NetworkError, Message=error_code=6
2026-07-21 13:11:27.930  1700-2689  native                  com...le.android.katniss:interactor  E  E0000 00:00:1784619687.930611    2689 http_client_with_backoff.cc:105] Received response with error. code=NetworkError message=error_code=6 request_id=0
2026-07-21 13:11:27.930  1700-2689  native                  com...le.android.katniss:interactor  E  E0000 00:00:1784619687.930721    2689 http_client_with_backoff.cc:113] Retrying request with http_status=0 request_id=0
2026-07-21 13:11:27.939   697-1290  ShortcutService         system_server                        D  received package broadcast intent: Intent { act=android.intent.action.PACKAGE_CHANGED dat=package: flg=0x45000010 (has extras) }
2026-07-21 13:11:27.944   697-1290  ShortcutService         system_server                        D  changing package: com.android.vending userId=0
2026-07-21 13:11:27.949   697-919   system_server           system_server                        I  AssetManager2(0x8f311054) locale list changing from [] to [en-US]
2026-07-21 13:11:27.958   697-736   system_server           system_server                        I  AssetManager2(0x8f31c8d4) locale list changing from [] to [en-US]
2026-07-21 13:11:27.973   697-919   system_server           system_server                        I  AssetManager2(0x8f31a054) locale list changing from [] to [en-US]
2026-07-21 13:11:27.974   697-1483  system_server           system_server                        I  AssetManager2(0x8f31bfd4) locale list changing from [] to [en-US]
2026-07-21 13:11:27.983   697-919   system_server           system_server                        I  AssetManager2(0x8f30fe54) locale list changing from [] to [en-US]
2026-07-21 13:11:27.984   697-744   system_server           system_server                        I  AssetManager2(0x8f30dc94) locale list changing from [] to [en-US]
2026-07-21 13:11:27.986   697-922   system_server           system_server                        I  AssetManager2(0x8f314d14) locale list changing from [] to [en-US]
2026-07-21 13:11:27.996  1341-1363  Permission...erviceImpl com....android.permissioncontroller  I  Updating user sensitive for uid 10054
2026-07-21 13:11:28.009   697-1483  SignedPackage           system_server                        W  Cannot get ApplicationInfo for package: com.google.android.gms.supervision
2026-07-21 13:11:28.024   697-922   Accessibil...gerService system_server                        V  onUserStateChangedLocked for userId: 0, forceUpdate: false
2026-07-21 13:11:28.031   697-1483  SignedPackage           system_server                        W  Cannot get ApplicationInfo for package: com.android.gallery3d
2026-07-21 13:11:28.047   697-744   system_server           system_server                        I  AssetManager2(0x8f31ecd4) locale list changing from [] to [en-US]
2026-07-21 13:11:28.053  1606-1612  .gms.persistent         com.google.android.gms.persistent    W  Missing inline cache for void adta.d(android.content.Context, daxh)
2026-07-21 13:11:28.054  1606-1612  .gms.persistent         com.google.android.gms.persistent    W  Missing inline cache for void adta.d(android.content.Context, daxh)
2026-07-21 13:11:28.054  1606-1612  .gms.persistent         com.google.android.gms.persistent    W  Missing inline cache for void adta.d(android.content.Context, daxh)
2026-07-21 13:11:28.055  1606-1612  .gms.persistent         com.google.android.gms.persistent    W  Missing inline cache for void adta.d(android.content.Context, daxh)
2026-07-21 13:11:28.066  1606-1612  .gms.persistent         com.google.android.gms.persistent    W  Missing inline cache for void adta.d(android.content.Context, daxh)
2026-07-21 13:11:28.066  1606-1612  .gms.persistent         com.google.android.gms.persistent    W  Missing inline cache for void adta.d(android.content.Context, daxh)
2026-07-21 13:11:28.066  1606-1612  .gms.persistent         com.google.android.gms.persistent    W  Missing inline cache for void adta.d(android.content.Context, daxh)
2026-07-21 13:11:28.076   697-1483  system_server           system_server                        I  AssetManager2(0x8f31b914) locale list changing from [] to [en-US]
2026-07-21 13:11:28.078   697-1483  SignedPackage           system_server                        W  Cannot get ApplicationInfo for package: com.google.android.devicelockcontroller
2026-07-21 13:11:28.397  1700-1700  katniss_in...ckageCache com...le.android.katniss:interactor  I  Rebuilding package cache for Intent { act=android.intent.action.PACKAGE_CHANGED dat=package: flg=0x45000010 (has extras) }
2026-07-21 13:11:28.407  1700-2061  katniss_in...ckageCache com...le.android.katniss:interactor  I  Apps for Intent { act=android.intent.action.MAIN cat=[android.intent.category.LEANBACK_LAUNCHER] }: [AppInfo(enabled=true, longVersionCode=1, packageName=com.android.tv.settings, versionCode=1, versionName=1.0), AppInfo(enabled=true, longVersionCode=999999999, packageName=com.android.tv, versionCode=999999999, versionName=1.24-asop), AppInfo(enabled=true, longVersionCode=85041318, packageName=com.android.vending, versionCode=85041318, versionName=50.4.13-31 [8] [PR] 876381640), AppInfo(enabled=true, longVersionCode=530301360, packageName=com.google.android.youtube.tv, versionCode=530301360, versionName=5.30.301), AppInfo(enabled=true, longVersionCode=111003360, packageName=com.google.android.youtube.tvmusic, versionCode=111003360, versionName=1.11.03), AppInfo(enabled=true, longVersionCode=624525470, packageName=com.google.android.play.games, versionCode=624525470, versionName=2025.09.62452 (827342201.827342201-040700)), AppInfo(enabled=true, longVersionCode=1, packageName=com.cafemaestro.tv, versionCode=1, versionName=1.0)]
2026-07-21 13:11:28.410  1700-2061  katniss_in...ckageCache com...le.android.katniss:interactor  I  Apps for Intent { act=android.intent.action.MAIN cat=[android.intent.category.LEANBACK_SETTINGS] }: [AppInfo(enabled=true, longVersionCode=1, packageName=com.android.tv.settings, versionCode=1, versionName=1.0), AppInfo(enabled=true, longVersionCode=1, packageName=com.android.tv.settings, versionCode=1, versionName=1.0)]
2026-07-21 13:11:28.412  1700-2061  katniss_in...ckageCache com...le.android.katniss:interactor  I  Apps for Intent { act=android.intent.action.MAIN cat=[android.intent.category.HOME] }: [AppInfo(enabled=true, longVersionCode=1010939305, packageName=com.google.android.tvlauncher, versionCode=1010939305, versionName=7.4.10-869643248-f), AppInfo(enabled=true, longVersionCode=1, packageName=com.android.tv.settings, versionCode=1, versionName=1.0)]
2026-07-21 13:11:28.414  1700-2061  katniss_in...ckageCache com...le.android.katniss:interactor  I  Apps for Intent { act=com.google.assistant.DATA_SHARING_CONSENT }: [AppInfo(enabled=true, longVersionCode=15026110, packageName=com.google.android.katniss, versionCode=15026110, versionName=7.46.14+857953630.00)]
2026-07-21 13:11:28.415  1700-2061  katniss_in...ckageCache com...le.android.katniss:interactor  I  Apps for experience type WATSON: [AppInfo(enabled=true, longVersionCode=255034130, packageName=com.google.android.gms, versionCode=255034130, versionName=25.50.34 (270700-855735097)), AppInfo(enabled=true, longVersionCode=530301360, packageName=com.google.android.youtube.tv, versionCode=530301360, versionName=5.30.301)]
2026-07-21 13:11:28.418  1700-2048  katniss_in...anagerImpl com...le.android.katniss:interactor  I  Read invalid search account from PDS
2026-07-21 13:11:28.692  1453-1453  DnsResolver             com.android.networkstack.process     W  resNetworkResult:android.system.ErrnoException: resNetworkResult failed: ETIMEDOUT (Connection timed out)
2026-07-21 13:11:28.693  1453-1453  DnsResolver             com.android.networkstack.process     W  resNetworkResult:android.system.ErrnoException: resNetworkResult failed: ETIMEDOUT (Connection timed out)
2026-07-21 13:11:28.694  1453-3464  NetworkMonitor/100      com.android.networkstack.process     D  PROBE_DNS www.google.com 10023ms FAIL in type ADDRCONFIG android.net.DnsResolver$DnsException: android.system.ErrnoException: resNetworkResult failed: ETIMEDOUT (Connection timed out)
2026-07-21 13:11:28.697  1453-1453  DnsResolver             com.android.networkstack.process     W  resNetworkResult:android.system.ErrnoException: resNetworkResult failed: ETIMEDOUT (Connection timed out)
2026-07-21 13:11:28.701  1453-1453  DnsResolver             com.android.networkstack.process     W  resNetworkResult:android.system.ErrnoException: resNetworkResult failed: ETIMEDOUT (Connection timed out)
2026-07-21 13:11:28.702  1453-3465  NetworkMonitor/100      com.android.networkstack.process     D  PROBE_DNS connectivitycheck.gstatic.com 10025ms FAIL in type ADDRCONFIG android.net.DnsResolver$DnsException: android.system.ErrnoException: resNetworkResult failed: ETIMEDOUT (Connection timed out)
2026-07-21 13:11:28.917  1606-3349  dlve                    com.google.android.gms.persistent    W  [{0}] Failed to resolve name. status={1}
2026-07-21 13:11:29.367  3566-3777  ProfileInstaller        com.cafemaestro.tv                   D  Installing profile for com.cafemaestro.tv
2026-07-21 13:11:30.350  2705-2820  cast_shell              com.google.android.apps.mediashell   E  [0721/131130.350844:ERROR:connectivity_checker_impl.cc(302)] Connectivity check failed: net_error=-105
2026-07-21 13:11:30.351  2705-2820  cast_shell              com.google.android.apps.mediashell   I  [0721/131130.351035:INFO:connectivity_checker_impl.cc(337)] Notify connectivity check failure.
2026-07-21 13:11:31.229   697-1246  InetDiagMessage         system_server                        D  Destroyed 0 sockets, proto=IPPROTO_TCP, family=AF_INET, states=14
2026-07-21 13:11:31.229   697-1246  InetDiagMessage         system_server                        D  Destroyed 0 sockets, proto=IPPROTO_TCP, family=AF_INET6, states=14
2026-07-21 13:11:31.229   697-1246  InetDiagMessage         system_server                        D  Destroyed live tcp sockets for uids={10061} in 1ms
2026-07-21 13:11:31.230   697-1246  InetDiagMessage         system_server                        D  Destroyed 0 sockets, proto=IPPROTO_TCP, family=AF_INET, states=14
2026-07-21 13:11:31.231   697-1246  InetDiagMessage         system_server                        D  Destroyed 0 sockets, proto=IPPROTO_TCP, family=AF_INET6, states=14
2026-07-21 13:11:31.231   697-1246  InetDiagMessage         system_server                        D  Destroyed live tcp sockets for uids={20061} in 2ms
2026-07-21 13:11:32.078  1700-2684  native                  com...le.android.katniss:interactor  W  W0000 00:00:1784619692.077979    2684 query_settings_utils.cc:208] Cannot upload cache
2026-07-21 13:11:32.078  1700-2721  native                  com...le.android.katniss:interactor  W  W0000 00:00:1784619692.078495    2721 publisher.cc:36] [FTL] No subscribers for event "hvc.api.events.MetricEvent" from publisher "RecordCastEventImpl"
2026-07-21 13:11:32.078  1700-2721  native                  com...le.android.katniss:interactor  W  W0000 00:00:1784619692.078734    2721 publisher.cc:36] [FTL] No subscribers for event "hvc.api.events.ConversationEvent" from publisher "ActivityManagerImpl"
2026-07-21 13:11:32.080  1700-2721  native                  com...le.android.katniss:interactor  W  W0000 00:00:1784619692.080212    2721 phenotype_impl.cc:1843] GetServerTriggerTokens: Some packages' data could not be read
2026-07-21 13:11:32.080  1700-2721  native                  com...le.android.katniss:interactor  W  W0000 00:00:1784619692.080305    2721 phenotype_impl.cc:1843] GetServerTriggerTokens: Some packages' data could not be read
2026-07-21 13:11:32.084  1700-2479  katniss_in...anagerImpl com...le.android.katniss:interactor  I  Read invalid search account from PDS
2026-07-21 13:11:32.087  1700-2479  katniss_in...Interactor com...le.android.katniss:interactor  I  AppFlowEvent: PT3M3.0870388S, EVENT_TYPE_START, OPERATOR_API_START, internalRequestId=5085477684754937414
2026-07-21 13:11:32.087  1700-2479  katniss_in...Interactor com...le.android.katniss:interactor  I  AppFlowEvent: PT3M3.0875205S, EVENT_TYPE_MILESTONE, OPERATOR_API_CONNECTION_ESTABLISHED_START, internalRequestId=5085477684754937414
2026-07-21 13:11:32.088  1700-2479  katniss_in...Interactor com...le.android.katniss:interactor  I  AppFlowEvent: PT3M3.0884823S, EVENT_TYPE_MILESTONE, OPERATOR_API_CONNECTION_ESTABLISHED_END, internalRequestId=5085477684754937414
2026-07-21 13:11:32.089  1700-2479  katniss_in...Interactor com...le.android.katniss:interactor  I  AppFlowEvent: PT3M3.0893689S, EVENT_TYPE_END, OPERATOR_API_END, internalRequestId=5085477684754937414
2026-07-21 13:11:32.090  1700-2048  katniss_in...tOpHandler com...le.android.katniss:interactor  I  GetConversationParams starts
2026-07-21 13:11:32.092  1700-2077  katniss_in...anagerImpl com...le.android.katniss:interactor  I  Read invalid search account from PDS
2026-07-21 13:11:32.092  1700-2048  katniss_in...ndAppUtils com...le.android.katniss:interactor  I  Foreground app name from running tasks: com.cafemaestro.tv
2026-07-21 13:11:32.093  1700-2048  katniss_in...tOpHandler com...le.android.katniss:interactor  I  Fetched foregroundAppPackage: com.cafemaestro.tv
2026-07-21 13:11:32.093  1700-2077  katniss_in...anagerImpl com...le.android.katniss:interactor  I  Read invalid search account from PDS
2026-07-21 13:11:32.094   697-1246  InetDiagMessage         system_server                        D  Destroyed 0 sockets, proto=IPPROTO_TCP, family=AF_INET, states=14
2026-07-21 13:11:32.095   697-1246  InetDiagMessage         system_server                        D  Destroyed 0 sockets, proto=IPPROTO_TCP, family=AF_INET6, states=14
2026-07-21 13:11:32.095   697-1246  InetDiagMessage         system_server                        D  Destroyed live tcp sockets for uids={10052} in 1ms
2026-07-21 13:11:32.095   697-1246  InetDiagMessage         system_server                        D  Destroyed 0 sockets, proto=IPPROTO_TCP, family=AF_INET, states=14
2026-07-21 13:11:32.097   697-1246  InetDiagMessage         system_server                        D  Destroyed 0 sockets, proto=IPPROTO_TCP, family=AF_INET6, states=14
2026-07-21 13:11:32.097   697-1246  InetDiagMessage         system_server                        D  Destroyed live tcp sockets for uids={20052} in 2ms
2026-07-21 13:11:32.098  1700-2479  katniss_in...anagerImpl com...le.android.katniss:interactor  I  Read invalid search account from PDS
2026-07-21 13:11:32.100  1700-2479  niss:interactor         com...le.android.katniss:interactor  I  AssetManager2(0xefc11054) locale list changing from [] to [en-US]
2026-07-21 13:11:32.101  1700-2077  katniss_in...tOpHandler com...le.android.katniss:interactor  I  GetConversationParams ends
2026-07-21 13:11:32.103  1700-2721  native                  com...le.android.katniss:interactor  W  W0000 00:00:1784619692.103281    2721 publisher.cc:36] [FTL] No subscribers for event "hvc.api.events.ConversationEvent" from publisher "S3Session"
2026-07-21 13:11:32.111  1700-2683  katniss_in...FlowLogger com...le.android.katniss:interactor  I  AppFlowEvent: PT3M3.1110583S, EVENT_TYPE_MILESTONE, LIBAS_S3_TRANSPORT_CREATED, libAssistantRequestId=e8fa5141-8f78-4860-8036-124b63fcfcd3, assistantServerEventId=-1
2026-07-21 13:11:32.111  1700-2683  katniss_in...FlowLogger com...le.android.katniss:interactor  I  LibAssistant AppFlow event will be ignored: LIBAS_S3_TRANSPORT_CREATED. Failed to get corresponding Katniss AppFlow event
2026-07-21 13:11:32.112  1700-2683  katniss_in...FlowLogger com...le.android.katniss:interactor  I  AppFlowEvent: PT3M3.1107798S, EVENT_TYPE_MILESTONE, LIBAS_S3_TRANSPORT_STARTED, libAssistantRequestId=e8fa5141-8f78-4860-8036-124b63fcfcd3, assistantServerEventId=-1
2026-07-21 13:11:32.112  1700-2683  katniss_in...FlowLogger com...le.android.katniss:interactor  I  LibAssistant AppFlow event will be ignored: LIBAS_S3_TRANSPORT_STARTED. Failed to get corresponding Katniss AppFlow event
2026-07-21 13:11:32.113  1700-2683  katniss_in...FlowLogger com...le.android.katniss:interactor  I  AppFlowEvent: PT3M3.1107884S, EVENT_TYPE_MILESTONE, LIBAS_S3_INITIAL_REQUEST_BUILT, libAssistantRequestId=e8fa5141-8f78-4860-8036-124b63fcfcd3, assistantServerEventId=-1
2026-07-21 13:11:32.113  1700-2683  katniss_in...FlowLogger com...le.android.katniss:interactor  I  LibAssistant AppFlow event will be ignored: LIBAS_S3_INITIAL_REQUEST_BUILT. Failed to get corresponding Katniss AppFlow event
2026-07-21 13:11:32.113  1700-2683  katniss_in...FlowLogger com...le.android.katniss:interactor  I  AppFlowEvent: PT3M3.1110978S, EVENT_TYPE_MILESTONE, LIBAS_S3_INITIAL_REQUEST_SENT, libAssistantRequestId=e8fa5141-8f78-4860-8036-124b63fcfcd3, assistantServerEventId=-1
2026-07-21 13:11:32.113  1700-2048  katniss_in...Interactor com...le.android.katniss:interactor  W  interactionId is could not be successfully retrieved for event LIBAS_S3_INITIAL_REQUEST_SENT
2026-07-21 13:11:32.114  1700-2048  katniss_in...Interactor com...le.android.katniss:interactor  I  AppFlowEvent: PT3M3.1110978S, 2, LIBAS_S3_INITIAL_REQUEST_SENT, interactionId=null
2026-07-21 13:11:32.751  1950-1950  BoundBrokerSvc          com.google.android.gms               D  onUnbind: Intent { act=com.google.android.gms.chimera.container.moduleinstall.ModuleInstallService.START dat=chimera-action:/... xflg=0x4 cmp=com.google.android.gms/.chimera.GmsApiService }
2026-07-21 13:11:32.754   697-1480  OomAdjuster             system_server                        D  Not killing cached processes
2026-07-21 13:11:33.440   697-900   ActivityManager         system_server                        D  freezing 2899 com.google.android.packageinstaller
2026-07-21 13:11:33.441   697-1246  InetDiagMessage         system_server                        D  Destroyed 0 sockets, proto=IPPROTO_TCP, family=AF_INET, states=14
2026-07-21 13:11:33.442   697-1246  InetDiagMessage         system_server                        D  Destroyed 0 sockets, proto=IPPROTO_TCP, family=AF_INET6, states=14
2026-07-21 13:11:33.442   697-1246  InetDiagMessage         system_server                        D  Destroyed live tcp sockets for uids={10032} in 1ms
2026-07-21 13:11:33.563   245-3450  keystore2               keystore2                            I  system/security/keystore2/watchdog/src/lib.rs:377 - Watchdog thread idle -> terminating. Have a great day.
2026-07-21 13:11:34.440  3723-3756  Finsky:quick_launch     com.android.vending:quick_launch     I  [47] Subscription detail: N/A
2026-07-21 13:11:34.443  3723-3756  Finsky:quick_launch     com.android.vending:quick_launch     I  [47] playLoggingServerUrl: https://play.googleapis.com/play/log
2026-07-21 13:11:34.443  3723-3756  Finsky:quick_launch     com.android.vending:quick_launch     I  [47] playLoggingServerTimestampUrl: https://play.googleapis.com/play/log/timestamp
2026-07-21 13:11:34.450  3723-3756  Finsky:quick_launch     com.android.vending:quick_launch     E  [47] Unexpected android-id = 0
2026-07-21 13:11:34.451  3723-3756  Finsky:quick_launch     com.android.vending:quick_launch     E  [47] Unexpected android-id = 0 in Event Logger Factory
                                                                                                    java.lang.IllegalStateException: Unexpected android-id = 0 in Event Logger Factory
                                                                                                    	at kqo.a(PG:109)
                                                                                                    	at iye.apply(PG:994)
                                                                                                    	at j$.util.Map$-CC.$default$computeIfAbsent(r8-map-id-7e9ea140b5025134e28f557f8c5efe09008fc48e26f70200168269c82971a8ee:10)
                                                                                                    	at j$.util.Map$-EL.computeIfAbsent(r8-map-id-7e9ea140b5025134e28f557f8c5efe09008fc48e26f70200168269c82971a8ee:23)
                                                                                                    	at kqt.b(PG:17)
                                                                                                    	at kqt.c(PG:60)
                                                                                                    	at kqt.a(PG:13)
                                                                                                    	at sak.b(PG:9)
                                                                                                    	at sak.a(PG:2)
                                                                                                    	at sah.a(PG:401)
                                                                                                    	at abuh.b(PG:228)
                                                                                                    	at abqb.a(PG:1110)
                                                                                                    	at agaq.a(PG:3)
                                                                                                    	at afzx.run(PG:19)
                                                                                                    	at agas.run(PG:5)
                                                                                                    	at afyv.execute(PG:1)
                                                                                                    	at ahjr.cR(PG:6)
                                                                                                    	at abqc.b(PG:19)
                                                                                                    	at abqu.p(PG:142)
                                                                                                    	at abqu.o(PG:6)
                                                                                                    	at abqs.a(PG:24)
                                                                                                    	at agaq.a(PG:3)
                                                                                                    	at afzx.run(PG:19)
                                                                                                    	at agas.run(PG:5)
                                                                                                    	at java.util.concurrent.Executors$RunnableAdapter.call(Executors.java:524)
                                                                                                    	at java.util.concurrent.FutureTask.run(FutureTask.java:317)
                                                                                                    	at java.util.concurrent.ScheduledThreadPoolExecutor$ScheduledFutureTask.run(ScheduledThreadPoolExecutor.java:348)
                                                                                                    	at java.util.concurrent.ThreadPoolExecutor.runWorker(ThreadPoolExecutor.java:1156)
                                                                                                    	at java.util.concurrent.ThreadPoolExecutor$Worker.run(ThreadPoolExecutor.java:651)
                                                                                                    	at aadi.run(PG:209)
                                                                                                    	at java.lang.Thread.run(Thread.java:1119)
2026-07-21 13:11:34.456  3723-3756  PlayCommon              com.android.vending:quick_launch     E  [47] Failed to restore PlayMetalog
2026-07-21 13:11:34.456  3723-3756  PlayCommon              com.android.vending:quick_launch     E  [47] Failed to restore LogsUploadAttempt
2026-07-21 13:11:35.375  1950-2391  dlve                    com.google.android.gms               W  [{0}] Failed to resolve name. status={1}
2026-07-21 13:11:35.969  1606-1628  FontLog                 com.google.android.gms.persistent    W  Fetch {Noto Color Emoji Compat, wdth 100.0, wght 400, ital 0.0, bestEffort false}, isVf false} failed due to timeout [CONTEXT service_id=132 ]
                                                                                                    java.util.concurrent.TimeoutException: Waited 10000 milliseconds (plus 1 milliseconds, 684500 nanoseconds delay) for cqin@8144fb1[status=PENDING]
                                                                                                    	at cqey.t(:com.google.android.gms@255034130@25.50.34 (270700-855735097):371)
                                                                                                    	at aksy.query(:com.google.android.gms@255034130@25.50.34 (270700-855735097):141)
                                                                                                    	at abqe.query(:com.google.android.gms@255034130@25.50.34 (270700-855735097):84)
                                                                                                    	at android.content.ContentProvider.query(ContentProvider.java:1646)
                                                                                                    	at ojm.superQuery(:com.google.android.gms@255034130@25.50.34 (270700-855735097):6)
                                                                                                    	at com.google.android.chimera.ContentProvider.query(:com.google.android.gms@255034130@25.50.34 (270700-855735097):8)
                                                                                                    	at abqe.query(:com.google.android.gms@255034130@25.50.34 (270700-855735097):21)
                                                                                                    	at android.content.ContentProvider.query(ContentProvider.java:1742)
                                                                                                    	at ojm.superQuery(:com.google.android.gms@255034130@25.50.34 (270700-855735097):1)
                                                                                                    	at com.google.android.chimera.ContentProvider.query(:com.google.android.gms@255034130@25.50.34 (270700-855735097):3)
                                                                                                    	at ojm.query(:com.google.android.gms@255034130@25.50.34 (270700-855735097):64)
                                                                                                    	at android.content.ContentProvider$Transport.query(ContentProvider.java:296)
                                                                                                    	at android.content.ContentProviderNative.onTransact(ContentProviderNative.java:107)
                                                                                                    	at android.os.Binder.execTransactInternal(Binder.java:1421)
                                                                                                    	at android.os.Binder.execTransact(Binder.java:1365)
2026-07-21 13:11:35.972  1606-1628  FontLog                 com.google.android.gms.persistent    I  (REDACTED) Received query %s, URI %s
2026-07-21 13:11:35.972  1606-1628  FontLog                 com.google.android.gms.persistent    I  (REDACTED) Query [%s] resolved to %s
2026-07-21 13:11:35.974  1606-1628  FontLog                 com.google.android.gms.persistent    I  (REDACTED) Fetch %s end status %s
2026-07-21 13:11:35.974  1606-3130  FontLog                 com.google.android.gms.persistent    W  Exception in extracting assets. [CONTEXT service_id=132 ]
                                                                                                    java.io.FileNotFoundException: Google_Sans_Flex-400-100_0-0_0.ttf
                                                                                                    	at android.content.res.AssetManager.nativeOpenAsset(Native Method)
                                                                                                    	at android.content.res.AssetManager.open(AssetManager.java:1010)
                                                                                                    	at android.content.res.AssetManager.open(AssetManager.java:987)
                                                                                                    	at akrp.run(:com.google.android.gms@255034130@25.50.34 (270700-855735097):11)
                                                                                                    	at afyo.c(:com.google.android.gms@255034130@25.50.34 (270700-855735097):50)
                                                                                                    	at afyo.run(:com.google.android.gms@255034130@25.50.34 (270700-855735097):73)
                                                                                                    	at java.util.concurrent.ThreadPoolExecutor.runWorker(ThreadPoolExecutor.java:1156)
                                                                                                    	at java.util.concurrent.ThreadPoolExecutor$Worker.run(ThreadPoolExecutor.java:651)
                                                                                                    	at agdx.run(:com.google.android.gms@255034130@25.50.34 (270700-855735097):8)
                                                                                                    	at java.lang.Thread.run(Thread.java:1119)
2026-07-21 13:11:35.980  1606-1628  FontLog                 com.google.android.gms.persistent    I  (REDACTED) Received query %s, URI %s
2026-07-21 13:11:35.980  1606-1628  FontLog                 com.google.android.gms.persistent    I  (REDACTED) Query [%s] resolved to %s
2026-07-21 13:11:35.983  1606-1628  FontLog                 com.google.android.gms.persistent    I  (REDACTED) Font PFD returned from cache for %s
2026-07-21 13:11:35.983  1606-1628  FontLog                 com.google.android.gms.persistent    I  (REDACTED) Fetch %s end status %s
2026-07-21 13:11:35.986  1606-1628  FontLog                 com.google.android.gms.persistent    I  (REDACTED) Pulling font file for id = %d, cache size = %d
2026-07-21 13:11:35.990  1606-1628  FontLog                 com.google.android.gms.persistent    I  (REDACTED) Received query %s, URI %s
2026-07-21 13:11:35.990  1606-1628  FontLog                 com.google.android.gms.persistent    I  (REDACTED) Query [%s] resolved to %s
2026-07-21 13:11:35.992  1606-1628  FontLog                 com.google.android.gms.persistent    I  (REDACTED) Font PFD returned from cache for %s
2026-07-21 13:11:35.992  1606-1628  FontLog                 com.google.android.gms.persistent    I  (REDACTED) Fetch %s end status %s
2026-07-21 13:11:35.998  1606-1628  FontLog                 com.google.android.gms.persistent    I  (REDACTED) Pulling font file for id = %d, cache size = %d
2026-07-21 13:11:36.200   697-900   ActivityManager         system_server                        D  freezing 3615 com.google.android.webview:webview_service
2026-07-21 13:11:36.203   697-1246  InetDiagMessage         system_server                        D  Destroyed 0 sockets, proto=IPPROTO_TCP, family=AF_INET, states=14
2026-07-21 13:11:36.203   697-1246  InetDiagMessage         system_server                        D  Destroyed 0 sockets, proto=IPPROTO_TCP, family=AF_INET6, states=14
2026-07-21 13:11:36.203   697-1246  InetDiagMessage         system_server                        D  Destroyed live tcp sockets for uids={10061} in 1ms
2026-07-21 13:11:36.387  1606-1606  BoundBrokerSvc          com.google.android.gms.persistent    D  onRebind: Intent { act=com.google.android.gms.common.telemetry.service.START dat=chimera-action:/... xflg=0x4 cmp=com.google.android.gms/.chimera.PersistentApiService }
2026-07-21 13:11:36.396   697-1480  RemoteProvisionSysSvc   system_server                        I  getRegistration(android.hardware.security.keymint.IRemotelyProvisionedComponent/default)
2026-07-21 13:11:36.398   697-1291  Background...rolService system_server                        D  Package event received: 0
2026-07-21 13:11:36.413   697-1480  ActivityManager         system_server                        D  sync unfroze 2535 com.google.android.rkpdapp for 6
2026-07-21 13:11:36.417   697-1291  Background...rolService system_server                        D  Package event received: 0
2026-07-21 13:11:36.419   697-723   ProcessStats            system_server                        W  Tracking association SourceState{50d4688 system/1000 ImpFg #1189} whose proc state 5 is better than process ProcessState{ff4a31c com.google.android.rkpdapp/10070 pkg=com.google.android.rkpdapp} proc state 14 (0 skipped)
2026-07-21 13:11:36.419   697-697   RegistrationProxy       system_server                        I  onServiceConnected: com.android.rkpdapp.service.RemoteProvisioningService
2026-07-21 13:11:36.424   697-1480  RegistrationProxy       system_server                        I  IGetRegistrationCallback.onSuccess
2026-07-21 13:11:36.428   697-1480  RemoteProvisionSysSvc   system_server                        I  Fetching key 10053 for client 84265957
2026-07-21 13:11:36.428   697-1480  RegistrationProxy       system_server                        I  getKeyAsync operation started with callback 263571130
2026-07-21 13:11:36.429  2535-2588  RkpdRegistrationBinder  com.google.android.rkpdapp           I  Key requested for : android.hardware.security.keymint.IRemotelyProvisionedComponent/default, clientUid: 1017, keyId: 10053, callback: 141668772
2026-07-21 13:11:36.431  2535-2588  RkpdRegistrationBinder  com.google.android.rkpdapp           I  No key assigned, looking for an available key with expiry of 2026-07-24T07:41:36.431557Z
2026-07-21 13:11:36.432  2535-2588  RkpdRegistrationBinder  com.google.android.rkpdapp           I  No key assigned, looking for an available key with expiry of 2026-07-21T08:41:36.429828Z
2026-07-21 13:11:36.436  2535-2588  RkpdRegistrationBinder  com.google.android.rkpdapp           I  No keys are available, kicking off provisioning
2026-07-21 13:11:36.436   697-1819  RegistrationProxy       system_server                        I  Provisioning required before keys are available for android.security.rkp.service.RegistrationProxy$2@fb5c6ba
2026-07-21 13:11:36.439  1606-2226  HeterodyneSyncer        com.google.android.gms.persistent    W  Sync failed [CONTEXT service_id=51 ]
                                                                                                    btnk: 29504: Network error
                                                                                                    	at btsm.M(:com.google.android.gms@255034130@25.50.34 (270700-855735097):201)
                                                                                                    	at btsm.q(:com.google.android.gms@255034130@25.50.34 (270700-855735097):138)
                                                                                                    	at btsm.A(:com.google.android.gms@255034130@25.50.34 (270700-855735097):10)
                                                                                                    	at btsm.r(:com.google.android.gms@255034130@25.50.34 (270700-855735097):21)
                                                                                                    	at btqu.a(:com.google.android.gms@255034130@25.50.34 (270700-855735097):125)
                                                                                                    	at btqt.i(:com.google.android.gms@255034130@25.50.34 (270700-855735097):9)
                                                                                                    	at btpd.h(:com.google.android.gms@255034130@25.50.34 (270700-855735097):31)
                                                                                                    	at btpd.f(:com.google.android.gms@255034130@25.50.34 (270700-855735097):13)
                                                                                                    	at axyl.fa(:com.google.android.gms@255034130@25.50.34 (270700-855735097):1)
                                                                                                    	at axyp.run(:com.google.android.gms@255034130@25.50.34 (270700-855735097):118)
                                                                                                    	at cltm.run(:com.google.android.gms@255034130@25.50.34 (270700-855735097):19)
                                                                                                    	at afyo.c(:com.google.android.gms@255034130@25.50.34 (270700-855735097):50)
                                                                                                    	at afyo.run(:com.google.android.gms@255034130@25.50.34 (270700-855735097):92)
                                                                                                    	at java.util.concurrent.ThreadPoolExecutor.runWorker(ThreadPoolExecutor.java:1156)
                                                                                                    	at java.util.concurrent.ThreadPoolExecuto