                                                                                                      com_android_conscrypt: libjavacrypto.so
                                                                                                      com_android_mediaprovider: libpdfclient.so
                                                                                                      com_android_nfcservices: libnfc_nci_jni.so
                                                                                                      com_android_ondevicepersonalization: libfcp_cpp_dep_jni.so:libfcp_hpke_jni.so
                                                                                                      com_android_os_statsd: libstats_jni.so
                                                                                                      com_android_tethering: libandroid_net_connectivity_com_android_net_module_util_jni.so:libframework-connectivity-jni.so:libframework-connectivity-tiramisu-jni.so:libmainlinecronet.133.0.6876.3.so:libservice-connectivity.so:libservice-thread-jni.so:stable_cronet_libcrypto.so:stable_cronet_libssl.so
                                                                                                      com_android_uwb: libuwb_uci_jni_rust.so
                                                                                                      com_android_virt: libvirtualizationservice_jni.so:libvirtualmachine_jni.so
                                                                                                      com_android_wifi: libservice-wifi-jni.so
2026-07-21 13:11:25.637  3667-3667  id.ext.services         com.google.android.ext.services      I  AssetManager2(0xefc06c14) locale list changing from [] to [en-US]
2026-07-21 13:11:25.641  3667-3667  GraphicsEnvironment     com.google.android.ext.services      V  Currently set values for:
2026-07-21 13:11:25.641  3667-3667  GraphicsEnvironment     com.google.android.ext.services      V    angle_gl_driver_selection_pkgs=[]
2026-07-21 13:11:25.641  3667-3667  GraphicsEnvironment     com.google.android.ext.services      V    angle_gl_driver_selection_values=[]
2026-07-21 13:11:25.641  3667-3667  GraphicsEnvironment     com.google.android.ext.services      V  com.google.android.ext.services is not listed in per-application setting
2026-07-21 13:11:25.641  3667-3667  GraphicsEnvironment     com.google.android.ext.services      V  ANGLE allowlist from config: 
2026-07-21 13:11:25.641  3667-3667  GraphicsEnvironment     com.google.android.ext.services      V  com.google.android.ext.services is not listed in ANGLE allowlist or settings, returning default
2026-07-21 13:11:25.641  3667-3667  GraphicsEnvironment     com.google.android.ext.services      V  Neither updatable production driver nor prerelease driver is supported.
2026-07-21 13:11:25.646   697-1291  Background...rolService system_server                        D  Package event received: 0
2026-07-21 13:11:25.703  3566-3566  Capacitor               com.cafemaestro.tv                   D  Registering plugin instance: CapacitorCookies
2026-07-21 13:11:25.713  3566-3566  Capacitor               com.cafemaestro.tv                   D  Registering plugin instance: WebView
2026-07-21 13:11:25.718  3566-3566  Capacitor               com.cafemaestro.tv                   D  Registering plugin instance: CapacitorHttp
2026-07-21 13:11:25.727  3566-3566  Capacitor               com.cafemaestro.tv                   D  Registering plugin instance: SystemBars
2026-07-21 13:11:25.741  3566-3566  Capacitor               com.cafemaestro.tv                   D  Registering plugin instance: ApkUpdater
2026-07-21 13:11:25.746  3566-3566  Capacitor               com.cafemaestro.tv                   D  Registering plugin instance: App
2026-07-21 13:11:25.750  3566-3566  Capacitor               com.cafemaestro.tv                   D  Registering plugin instance: Browser
2026-07-21 13:11:25.759  3566-3566  Capacitor               com.cafemaestro.tv                   D  Registering plugin instance: Device
2026-07-21 13:11:25.763  3566-3566  Capacitor               com.cafemaestro.tv                   D  Registering plugin instance: Network
2026-07-21 13:11:25.792  3566-3566  Capacitor               com.cafemaestro.tv                   E  Unable to read public/cordova.js file, Cordova plugins will not work
2026-07-21 13:11:25.794  3566-3566  Capacitor               com.cafemaestro.tv                   W  Unable to read file at path public/plugins
2026-07-21 13:11:25.795  3566-3566  Capacitor               com.cafemaestro.tv                   E  Unable to read public/cordova_plugins.js file, Cordova plugins will not work
2026-07-21 13:11:25.807  3566-3566  Capacitor               com.cafemaestro.tv                   D  Loading app at https://localhost
2026-07-21 13:11:25.843  3566-3649  cr_media                com.cafemaestro.tv                   W  BLUETOOTH_CONNECT permission is missing.
2026-07-21 13:11:25.847  3566-3649  cr_media                com.cafemaestro.tv                   W  getBluetoothAdapter() requires BLUETOOTH permission
2026-07-21 13:11:25.847  3566-3649  cr_media                com.cafemaestro.tv                   W  registerBluetoothIntentsIfNeeded: Requires BLUETOOTH permission
2026-07-21 13:11:25.858  3628-3640  cr_LibraryLoader        webview_zygote                       I  Successfully loaded native library
2026-07-21 13:11:25.861  3628-3640  cr_CachingUmaRecorder   webview_zygote                       I  Flushed 2 samples from 2 histograms, 0 samples were dropped.
2026-07-21 13:11:25.887  3628-3640  chromium                webview_zygote                       W  [WARNING:content/child/runtime_features.cc:561] Fenced frames cannot be enabled in this configuration. Use --enable-features=FencedFrames instead.
2026-07-21 13:11:25.887  3628-3640  chromium                webview_zygote                       W  [WARNING:content/child/runtime_features.cc:586] Topics cannot be enabled in this configuration. Use --enable-features=BrowsingTopics in addition.
2026-07-21 13:11:25.887  3628-3640  chromium                webview_zygote                       W  [WARNING:content/child/runtime_features.cc:607] SharedStorage cannot be enabled in this configuration. Use --enable-features=SharedStorageAPI in addition.
2026-07-21 13:11:25.897  3566-3680  libc                    com.cafemaestro.tv                   W  Access denied finding property "vendor.mesa.log"
2026-07-21 13:11:25.898  3566-3680  libc                    com.cafemaestro.tv                   W  Access denied finding property "vendor.mesa.log.file"
2026-07-21 13:11:25.898  3566-3680  MESA                    com.cafemaestro.tv                   E  Failed to open rendernode: No such file or directory
2026-07-21 13:11:25.905  3566-3643  Capacitor               com.cafemaestro.tv                   D  Handling local request: https://localhost/
2026-07-21 13:11:25.947  1606-1628  FontLog                 com.google.android.gms.persistent    I  (REDACTED) Received query %s, URI %s
2026-07-21 13:11:25.947  1606-1628  FontLog                 com.google.android.gms.persistent    I  (REDACTED) Query [%s] resolved to %s
2026-07-21 13:11:25.950  1606-1628  FontLog                 com.google.android.gms.persistent    I  (REDACTED) Font PFD returned from cache for %s
2026-07-21 13:11:25.950  1606-1628  FontLog                 com.google.android.gms.persistent    I  (REDACTED) Fetch %s end status %s
2026-07-21 13:11:25.957  1606-1628  FontLog                 com.google.android.gms.persistent    I  (REDACTED) Pulling font file for id = %d, cache size = %d
2026-07-21 13:11:25.963  1606-1628  FontLog                 com.google.android.gms.persistent    I  (REDACTED) Received query %s, URI %s
2026-07-21 13:11:25.963  1606-1628  FontLog                 com.google.android.gms.persistent    I  (REDACTED) Query [%s] resolved to %s
2026-07-21 13:11:25.975  3566-3566  Capacitor               com.cafemaestro.tv                   D  App started
2026-07-21 13:11:25.987  3566-3566  Capacitor/AppPlugin     com.cafemaestro.tv                   D  Firing change: true
2026-07-21 13:11:25.990  3566-3566  Capacitor/AppPlugin     com.cafemaestro.tv                   V  Notifying listeners for event appStateChange
2026-07-21 13:11:25.991  3566-3566  Capacitor/AppPlugin     com.cafemaestro.tv                   D  No listeners found for event appStateChange
2026-07-21 13:11:26.001   697-723   ConnectivityService     system_server                        D  requestNetwork for uid/pid:10093/3566 activeRequest: null callbackRequest: 103 [NetworkRequest [ REQUEST id=104, [ Capabilities: INTERNET&NOT_RESTRICTED&TRUSTED&NOT_VCN_MANAGED&NOT_BANDWIDTH_CONSTRAINED Uid: 10093 RequestorUid: 10093 RequestorPkg: com.cafemaestro.tv UnderlyingNetworks: Null] ]] callback flags: 0 order: 2147483647 isUidTracked: false declaredMethods: AVAIL|LOST|NC
2026-07-21 13:11:26.006   697-1246  ConnectivityService     system_server                        D  NetReassign [104 : null → 100] [c 1] [a 1] [i 2]
2026-07-21 13:11:26.007   697-1245  EthernetNetworkFactory  system_server                        D  eth0: onNetworkNeeded for request: NetworkRequest [ REQUEST id=104, [ Capabilities: INTERNET&NOT_RESTRICTED&TRUSTED&NOT_VCN_MANAGED&NOT_BANDWIDTH_CONSTRAINED Uid: 10093 RequestorUid: 10093 RequestorPkg: com.cafemaestro.tv UnderlyingNetworks: Null] ]
2026-07-21 13:11:26.008  3566-3680  libc                    com.cafemaestro.tv                   W  Access denied finding property "vendor.mesa.vk.trace.per.submit"
2026-07-21 13:11:26.009   697-1245  EthernetNetworkFactory  system_server                        D  IpClient already started
2026-07-21 13:11:26.010  3566-3680  libc                    com.cafemaestro.tv                   W  Access denied finding property "vendor.mesa.gallium.print.optio"
2026-07-21 13:11:26.010  3566-3680  libc                    com.cafemaestro.tv                   W  Access denied finding property "vendor.mesa.vk.trace.frame"
2026-07-21 13:11:26.011   697-1235  WifiNetworkFactory      system_server                        D  got request NetworkRequest [ REQUEST id=104, [ Capabilities: INTERNET&NOT_RESTRICTED&TRUSTED&NOT_VCN_MANAGED&NOT_BANDWIDTH_CONSTRAINED Uid: 10093 RequestorUid: 10093 RequestorPkg: com.cafemaestro.tv UnderlyingNetworks: Null] ]
2026-07-21 13:11:26.011   697-1235  UntrustedW...orkFactory system_server                        D  got request NetworkRequest [ REQUEST id=104, [ Capabilities: INTERNET&NOT_RESTRICTED&TRUSTED&NOT_VCN_MANAGED&NOT_BANDWIDTH_CONSTRAINED Uid: 10093 RequestorUid: 10093 RequestorPkg: com.cafemaestro.tv UnderlyingNetworks: Null] ]
2026-07-21 13:11:26.011   697-1235  OemPaidWif...orkFactory system_server                        D  got request NetworkRequest [ REQUEST id=104, [ Capabilities: INTERNET&NOT_RESTRICTED&TRUSTED&NOT_VCN_MANAGED&NOT_BANDWIDTH_CONSTRAINED Uid: 10093 RequestorUid: 10093 RequestorPkg: com.cafemaestro.tv UnderlyingNetworks: Null] ]
2026-07-21 13:11:26.015  3566-3566  CustomTabsClient        com.cafemaestro.tv                   W  Unable to find any Custom Tabs packages, you may need to add a <queries> element to your manifest. See the docs for CustomTabsClient#getPackageName.
2026-07-21 13:11:26.015   697-1235  MultiInter...orkFactory system_server                        D  got request NetworkRequest [ REQUEST id=104, [ Capabilities: INTERNET&NOT_RESTRICTED&TRUSTED&NOT_VCN_MANAGED&NOT_BANDWIDTH_CONSTRAINED Uid: 10093 RequestorUid: 10093 RequestorPkg: com.cafemaestro.tv UnderlyingNetworks: Null] ]
2026-07-21 13:11:26.017  3566-3696  Capacitor/NetworkPlugin com.cafemaestro.tv                   V  Notifying listeners for event networkStatusChange
2026-07-21 13:11:26.017   697-1940  Binder                  system_server                        V  BinderProxy map growth! bucket size = 20 total = 1218
2026-07-21 13:11:26.018  3566-3696  Capacitor/NetworkPlugin com.cafemaestro.tv                   D  No listeners found for event networkStatusChange
2026-07-21 13:11:26.018   697-1940  ActivityManager         system_server                        W  Unable to start service Intent { act=android.support.customtabs.action.CustomTabsService xflg=0x4 pkg=com.android.chrome } U=0: not found
2026-07-21 13:11:26.018  3566-3566  Capacitor/BrowserPlugin com.cafemaestro.tv                   V  Notifying listeners for event browserFinished
2026-07-21 13:11:26.018  3566-3566  Capacitor/BrowserPlugin com.cafemaestro.tv                   D  No listeners found for event browserFinished
2026-07-21 13:11:26.019  3566-3566  Capacitor/BrowserPlugin com.cafemaestro.tv                   E  Error binding to custom tabs service
2026-07-21 13:11:26.020  3566-3566  Capacitor               com.cafemaestro.tv                   D  App resumed
2026-07-21 13:11:26.029  3566-3680  libc                    com.cafemaestro.tv                   W  Access denied finding property "vendor.mesa.vk.wsi.headless.swa"
2026-07-21 13:11:26.044  3566-3566  HWUI                    com.cafemaestro.tv                   W  Unknown dataspace 0
2026-07-21 13:11:26.108   216-216   lmkd                    lmkd                                 E  memevent failed getting memory events: BPF ring buffer message has unexpected size (want 84 bytes, got 88 bytes): Message too long
2026-07-21 13:11:26.109   216-216   lowmemorykiller         lmkd                                 E  Failed fetching memory listener events.
2026-07-21 13:11:26.127  3566-3701  CameraManagerGlobal     com.cafemaestro.tv                   I  Connecting to camera service
2026-07-21 13:11:26.140   550-550   Attributio...ssionUtils cameraserver                         I  checkPermission (forDataDelivery 0 startDataDelivery 0): Permission hard denied for client attribution [uid 10093, pid 3566, packageName "<unknown>"]
2026-07-21 13:11:26.206   697-1940  ConnectivityService     system_server                        D  requestNetwork for uid/pid:1000/697 asUid: 10061 activeRequest: null callbackRequest: 105 [NetworkRequest [ REQUEST id=106, [ Capabilities: INTERNET&NOT_RESTRICTED&TRUSTED&NOT_VCN_MANAGED&NOT_BANDWIDTH_CONSTRAINED Uid: 10061 RequestorUid: 1000 RequestorPkg: android UnderlyingNetworks: Null] ]] callback flags: 0 order: 2147483647 isUidTracked: false declaredMethods: AVAIL|LOST|BLK
2026-07-21 13:11:26.208   697-1245  EthernetNetworkFactory  system_server                        D  eth0: onNetworkNeeded for request: NetworkRequest [ REQUEST id=106, [ Capabilities: INTERNET&NOT_RESTRICTED&TRUSTED&NOT_VCN_MANAGED&NOT_BANDWIDTH_CONSTRAINED Uid: 10061 RequestorUid: 1000 RequestorPkg: android UnderlyingNetworks: Null] ]
2026-07-21 13:11:26.208   697-1245  EthernetNetworkFactory  system_server                        D  IpClient already started
2026-07-21 13:11:26.209   697-1235  WifiNetworkFactory      system_server                        D  got request NetworkRequest [ REQUEST id=106, [ Capabilities: INTERNET&NOT_RESTRICTED&TRUSTED&NOT_VCN_MANAGED&NOT_BANDWIDTH_CONSTRAINED Uid: 10061 RequestorUid: 1000 RequestorPkg: android UnderlyingNetworks: Null] ]
2026-07-21 13:11:26.209   697-1246  ConnectivityService     system_server                        D  NetReassign [106 : null → 100] [c 0] [a 0] [i 2]
2026-07-21 13:11:26.209   697-1235  UntrustedW...orkFactory system_server                        D  got request NetworkRequest [ REQUEST id=106, [ Capabilities: INTERNET&NOT_RESTRICTED&TRUSTED&NOT_VCN_MANAGED&NOT_BANDWIDTH_CONSTRAINED Uid: 10061 RequestorUid: 1000 RequestorPkg: android UnderlyingNetworks: Null] ]
2026-07-21 13:11:26.210   697-1235  OemPaidWif...orkFactory system_server                        D  got request NetworkRequest [ REQUEST id=106, [ Capabilities: INTERNET&NOT_RESTRICTED&TRUSTED&NOT_VCN_MANAGED&NOT_BANDWIDTH_CONSTRAINED Uid: 10061 RequestorUid: 1000 RequestorPkg: android UnderlyingNetworks: Null] ]
2026-07-21 13:11:26.210   697-1235  MultiInter...orkFactory system_server                        D  got request NetworkRequest [ REQUEST id=106, [ Capabilities: INTERNET&NOT_RESTRICTED&TRUSTED&NOT_VCN_MANAGED&NOT_BANDWIDTH_CONSTRAINED Uid: 10061 RequestorUid: 1000 RequestorPkg: android UnderlyingNetworks: Null] ]
2026-07-21 13:11:26.214   697-1940  CoreBackPreview         system_server                        D  Window{596253c u0 com.cafemaestro.tv/com.cafemaestro.tv.MainActivity}: Setting back callback OnBackInvokedCallbackInfo{mCallback=android.window.IOnBackInvokedCallback$Stub$Proxy@ba27735, mPriority=-1, mIsAnimationCallback=false, mOverrideBehavior=0}
2026-07-21 13:11:26.214   697-1940  CoreBackPreview         system_server                        D  Window{596253c u0 com.cafemaestro.tv/com.cafemaestro.tv.MainActivity}: Setting back callback OnBackInvokedCallbackInfo{mCallback=android.window.IOnBackInvokedCallback$Stub$Proxy@ebedd3b, mPriority=0, mIsAnimationCallback=true, mOverrideBehavior=0}
2026-07-21 13:11:26.241   697-1291  Background...rolService system_server                        D  Package event received: 0
2026-07-21 13:11:26.262  1950-2244  TracingHelper           com.google.android.gms               W  Mismatched RequestContext found for module SECURITY__NONWEARABLE. Module id from RequestContext is MODULEID_UNKNOWN [CONTEXT service_id=259 ratelimit_count=100000 ]
2026-07-21 13:11:26.263  3566-3661  VideoCapabilities       com.cafemaestro.tv                   W  Unrecognized profile/level 0/3 for video/mpeg2
2026-07-21 13:11:26.275   518-1019  ServiceManagerCppClient surfaceflinger                       W  Permission failure: android.permission.ACCESS_SURFACE_FLINGER from uid=10093 pid=0
2026-07-21 13:11:26.275   518-1019  PermissionCache         surfaceflinger                       D  checking android.permission.ACCESS_SURFACE_FLINGER for uid=10093 => denied (1355 us)
2026-07-21 13:11:26.275   518-1019  ServiceManagerCppClient surfaceflinger                       W  Permission failure: android.permission.ROTATE_SURFACE_FLINGER from uid=10093 pid=0
2026-07-21 13:11:26.275   518-1019  PermissionCache         surfaceflinger                       D  checking android.permission.ROTATE_SURFACE_FLINGER for uid=10093 => denied (639 us)
2026-07-21 13:11:26.276   518-927   ServiceManagerCppClient surfaceflinger                       W  Permission failure: android.permission.ROTATE_SURFACE_FLINGER from uid=10093 pid=3566
2026-07-21 13:11:26.277   518-927   PermissionCache         surfaceflinger                       D  checking android.permission.ROTATE_SURFACE_FLINGER for uid=10093 => denied (1670 us)
2026-07-21 13:11:26.277   518-1019  ServiceManagerCppClient surfaceflinger                       W  Permission failure: android.permission.INTERNAL_SYSTEM_WINDOW from uid=10093 pid=0
2026-07-21 13:11:26.277   518-1019  PermissionCache         surfaceflinger                       D  checking android.permission.INTERNAL_SYSTEM_WINDOW for uid=10093 => denied (1590 us)
2026-07-21 13:11:26.278   518-927   ServiceManagerCppClient surfaceflinger                       W  Permission failure: android.permission.INTERNAL_SYSTEM_WINDOW from uid=10093 pid=3566
2026-07-21 13:11:26.279   518-927   PermissionCache         surfaceflinger                       D  checking android.permission.INTERNAL_SYSTEM_WINDOW for uid=10093 => denied (1804 us)
2026-07-21 13:11:26.326   216-216   lmkd                    lmkd                                 E  memevent failed getting memory events: BPF ring buffer message has unexpected size (want 84 bytes, got 88 bytes): Message too long
2026-07-21 13:11:26.326   216-216   lowmemorykiller         lmkd                                 E  Failed fetching memory listener events.
2026-07-21 13:11:26.389  3566-3661  VideoCapabilities       com.cafemaestro.tv                   W  Unrecognized profile/level 0/3 for video/mpeg2
2026-07-21 13:11:26.394  3566-3661  VideoCapabilities       com.cafemaestro.tv                   W  Unrecognized profile/level 0/3 for video/mpeg2
2026-07-21 13:11:26.398  1950-2103  GmsPipelineLogger       com.google.android.gms               W  GmsPipelineLogger Failed to obtain device id [CONTEXT service_id=256 ]
                                                                                                    java.lang.NullPointerException: Attempt to invoke virtual method 'java.lang.Class java.lang.Object.getClass()' on a null object reference
                                                                                                    	at cmje.w(:com.google.android.gms@255034130@25.50.34 (270700-855735097):1)
                                                                                                    	at axtx.b(:com.google.android.gms@255034130@25.50.34 (270700-855735097):43)
                                                                                                    	at axtx.a(:com.google.android.gms@255034130@25.50.34 (270700-855735097):19)
                                                                                                    	at axtu.run(:com.google.android.gms@255034130@25.50.34 (270700-855735097):3)
                                                                                                    	at java.util.concurrent.Executors$RunnableAdapter.call(Executors.java:524)
                                                                                                    	at java.util.concurrent.FutureTask.run(FutureTask.java:317)
                                                                                                    	at afyo.c(:com.google.android.gms@255034130@25.50.34 (270700-855735097):50)
                                                                                                    	at afyo.run(:com.google.android.gms@255034130@25.50.34 (270700-855735097):73)
                                                                                                    	at java.util.concurrent.ThreadPoolExecutor.runWorker(ThreadPoolExecutor.java:1156)
                                                                                                    	at java.util.concurrent.ThreadPoolExecutor$Worker.run(ThreadPoolExecutor.java:651)
                                                                                                    	at agdx.run(:com.google.android.gms@255034130@25.50.34 (270700-855735097):8)
                                                                                                    	at java.lang.Thread.run(Thread.java:1119)
2026-07-21 13:11:26.490   697-3281  ServiceManagerCppClient system_server                        W  Permission failure: android.permission.ACCESS_SURFACE_FLINGER from uid=10093 pid=0
2026-07-21 13:11:26.490   697-3281  PermissionCache         system_server                        D  checking android.permission.ACCESS_SURFACE_FLINGER for uid=10093 => denied (351 us)
2026-07-21 13:11:26.491   697-3281  ServiceManagerCppClient system_server                        W  Permission failure: android.permission.ROTATE_SURFACE_FLINGER from uid=10093 pid=0
2026-07-21 13:11:26.491   697-3281  PermissionCache         system_server                        D  checking android.permission.ROTATE_SURFACE_FLINGER for uid=10093 => denied (778 us)
2026-07-21 13:11:26.491   697-3281  ServiceManagerCppClient system_server                        W  Permission failure: android.permission.INTERNAL_SYSTEM_WINDOW from uid=10093 pid=0
2026-07-21 13:11:26.491   697-3281  PermissionCache         system_server                        D  checking android.permission.INTERNAL_SYSTEM_WINDOW for uid=10093 => denied (180 us)
2026-07-21 13:11:26.511  1340-1751  WindowManagerShell      com.android.systemui                 V  onTransitionReady(transaction=2993592205557)
2026-07-21 13:11:26.512  1340-1382  WindowManagerShell      com.android.systemui                 V  onTransitionReady (#2) android.os.BinderProxy@d20119: {id=2 t=OPEN f=0x0 trk=0 r=[0@Point(0, 0)] c=[
                                                                                                            {m=OPEN f=NONE leash=Surface(name=Task=6)/@0xd824a8c sb=Rect(0, 0 - 1920, 1080) eb=Rect(0, 0 - 1920, 1080) epz=Point(1920, 1080) d=0 taskParent=-1},
                                                                                                            {m=TO_BACK f=NONE leash=Surface(name=Task=1)/@0x77895d5 sb=Rect(0, 0 - 1920, 1080) eb=Rect(0, 0 - 1920, 1080) epz=Point(1920, 1080) d=0 taskParent=-1}
                                                                                                        ]}
2026-07-21 13:11:26.512  1340-1382  WindowManagerShell      com.android.systemui                 V  Playing animation for (#2) android.os.BinderProxy@d20119@0
2026-07-21 13:11:26.513  1340-1382  WindowManagerShell      com.android.systemui                 V  Transition doesn't have explicit remote, search filters for match for {id=2 t=OPEN f=0x0 trk=0 r=[0@Point(0, 0)] c=[{m=OPEN f=NONE leash=Surface(name=Task=6)/@0xd824a8c sb=Rect(0, 0 - 1920, 1080) eb=Rect(0, 0 - 1920, 1080) epz=Point(1920, 1080) d=0 taskParent=-1},{m=TO_BACK f=NONE leash=Surface(name=Task=1)/@0x77895d5 sb=Rect(0, 0 - 1920, 1080) eb=Rect(0, 0 - 1920, 1080) epz=Point(1920, 1080) d=0 taskParent=-1}]}
2026-07-21 13:11:26.513  1340-1382  WindowManagerShell      com.android.systemui                 V   Delegate animation for (#2) to null
2026-07-21 13:11:26.513  1340-1382  WindowManagerShell      com.android.systemui                 V  start default transition animation, info = {id=2 t=OPEN f=0x0 trk=0 r=[0@Point(0, 0)] c=[{m=OPEN f=NONE leash=Surface(name=Task=6)/@0xd824a8c sb=Rect(0, 0 - 1920, 1080) eb=Rect(0, 0 - 1920, 1080) epz=Point(1920, 1080) d=0 taskParent=-1},{m=TO_BACK f=NONE leash=Surface(name=Task=1)/@0x77895d5 sb=Rect(0, 0 - 1920, 1080) eb=Rect(0, 0 - 1920, 1080) epz=Point(1920, 1080) d=0 taskParent=-1}]}
2026-07-21 13:11:26.514  1340-1382  WindowManagerShell      com.android.systemui                 V  loadAnimation: anim=android.view.animation.AlphaAnimation@93dacdb animAttr=0x9 type=OPEN isEntrance=false
2026-07-21 13:11:26.515  1340-1382  ndroid.systemui         com.android.systemui                 I  AssetManager2(0xefc00fd4) locale list changing from [] to [en-US]
2026-07-21 13:11:26.524   697-731   ActivityTaskManager     system_server                        I  Displayed com.cafemaestro.tv/.MainActivity for user 0: +3s77ms
2026-07-21 13:11:26.526   697-731   WindowManager           system_server                        V  Sent Transition (#2) createdAt=07-21 13:11:23.475 via request=TransitionRequestInfo { type = OPEN, triggerTask = TaskInfo{userId=0 taskId=6 effectiveUid=10093 displayId=0 isRunning=true baseIntent=Intent { act=android.intent.action.MAIN cat=[android.intent.category.LEANBACK_LAUNCHER] flg=0x10000000 cmp=com.cafemaestro.tv/.MainActivity } baseActivity=ComponentInfo{com.cafemaestro.tv/com.cafemaestro.tv.MainActivity} topActivity=ComponentInfo{com.cafemaestro.tv/com.cafemaestro.tv.MainActivity} origActivity=null realActivity=ComponentInfo{com.cafemaestro.tv/com.cafemaestro.tv.MainActivity} numActivities=1 lastActiveTime=174509 supportsMultiWindow=false resizeMode=1 isResizeable=true minWidth=-1 minHeight=-1 defaultMinSize=220 token=WCT{RemoteToken{712d0f Task{4500162 #6 type=standard A=10093:com.cafemaestro.tv}}} topActivityType=1 pictureInPictureParams=null shouldDockBigOverlays=true launchIntoPipHostTaskId=-1 lastParentTaskIdBeforePip=-1 displayCutoutSafeInsets=Rect(0, 0 - 0, 0) topActivityInfo=ActivityInfo{484f19c com.cafemaestro.tv.MainActivity} launchCookies=[] positionInParent=Point(0, 0) parentTaskId=-1 isFocused=false isVisible=false isVisibleRequested=false isTopActivityNoDisplay=false isSleeping=false locusId=null displayAreaFeatureId=1 isTopActivityTransparent=false isActivityStackTransparent=false lastNonFullscreenBounds=Rect(687, 54 - 1233, 1026) capturedLink=null capturedLinkTimestamp=0 requestedVisibleTypes=-9 topActivityRequestOpenInBrowserEducationTimestamp=0 appCompatTaskInfo=AppCompatTaskInfo { topActivityInSizeCompat=false eligibleForLetterboxEducation= false isLetterboxEducationEnabled= false isLetterboxDoubleTapEnabled= false eligibleForUserAspectRatioButton= false topActivityBoundsLetterboxed= false isFromLetterboxDoubleTap= false topActivityLetterboxVerticalPosition= -1 topActivityLetterboxHorizontalPosition= -1 topActivityLetterboxWidth=-1 topActivityLetterboxHeight=-1 topActivityAppBounds=Rect(0, 0 - 1920, 1080) isUserFullscreenOverrideEnabled=false isSystemFullscreenOverrideEnabled=false hasMinAspectRatioOverride=false topActivityLetterboxBounds=null cameraCompatTaskInfo=CameraCompatTaskInfo { freeformCameraCompatMode=inactive}} topActivityMainWindowFrame=null}, pipChange = null, remoteTransition = null, displayChange = null, flags = 0, debugId = 2 }
2026-07-21 13:11:26.527   697-731   WindowManager           system_server                        V      startWCT=WindowContainerTransaction { changes= {} hops= [] errorCallbackToken=null taskFragmentOrganizer=null }
2026-07-21 13:11:26.527   697-731   WindowManager           system_server                        V      info={id=2 t=OPEN f=0x0 trk=0 r=[0@Point(0, 0)] c=[
                                                                                                            {WCT{RemoteToken{712d0f Task{4500162 #6 type=standard A=10093:com.cafemaestro.tv}}} m=OPEN f=NONE leash=Surface(name=Task=6)/@0xea05e70 sb=Rect(0, 0 - 1920, 1080) eb=Rect(0, 0 - 1920, 1080) epz=Point(1920, 1080) d=0 taskParent=-1},
                                                                                                            {WCT{RemoteToken{8e097a5 Task{432c15 #1 type=home}}} m=TO_BACK f=NONE leash=Surface(name=Task=1)/@0x8dbcfb3 sb=Rect(0, 0 - 1920, 1080) eb=Rect(0, 0 - 1920, 1080) epz=Point(1920, 1080) d=0 taskParent=-1}
                                                                                                        ]}
2026-07-21 13:11:26.540  1340-1382  ndroid.systemui         com.android.systemui                 I  AssetManager2(0xefc0d5d4) locale list changing from [] to [en-US]
2026-07-21 13:11:26.542  1340-1382  WindowManagerShell      com.android.systemui                 V  loadAnimation: anim=android.view.animation.AlphaAnimation@64b9e45 animAttr=0x8 type=OPEN isEntrance=true
2026-07-21 13:11:26.547  1340-1382  WindowManagerShell      com.android.systemui                 V   animated by com.android.wm.shell.transition.DefaultTransitionHandler@6405eb8
2026-07-21 13:11:26.554   697-2413  TaskPersister           system_server                        E  File error accessing recents directory (directory doesn't exist?).
2026-07-21 13:11:26.642  3566-3645  Capacitor               com.cafemaestro.tv                   D  Handling local request: https://localhost/assets/index-D8WIHncH.js
2026-07-21 13:11:26.650   697-918   ImeTracker              system_server                        I  com.cafemaestro.tv:775ab8c8: onRequestHide at ORIGIN_SERVER reason HIDE_UNSPECIFIED_WINDOW fromUser false
2026-07-21 13:11:26.688  1606-2365  GLSUser                 com.google.android.gms.persistent    W  [AppCertManager] Exception while requesting key: 
                                                                                                    java.util.concurrent.ExecutionException: ayma: Failed to process request
                                                                                                    	at cqep.h(:com.google.android.gms@255034130@25.50.34 (270700-855735097):21)
                                                                                                    	at cqey.s(:com.google.android.gms@255034130@25.50.34 (270700-855735097):71)
                                                                                                    	at yht.b(:com.google.android.gms@255034130@25.50.34 (270700-855735097):439)
                                                                                                    	at yhr.b(:com.google.android.gms@255034130@25.50.34 (270700-855735097):29)
                                                                                                    	at yhm.a(:com.google.android.gms@255034130@25.50.34 (270700-855735097):1)
                                                                                                    	at yhp.a(:com.google.android.gms@255034130@25.50.34 (270700-855735097):58)
                                                                                                    	at ubn.call(:com.google.android.gms@255034130@25.50.34 (270700-855735097):56)
                                                                                                    	at java.util.concurrent.FutureTask.run(FutureTask.java:317)
                                                                                                    	at afyo.c(:com.google.android.gms@255034130@25.50.34 (270700-855735097):50)
                                                                                                    	at afyo.run(:com.google.android.gms@255034130@25.50.34 (270700-855735097):73)
                                                                                                    	at java.util.concurrent.ThreadPoolExecutor.runWorker(ThreadPoolExecutor.java:1156)
                                                                                                    	at java.util.concurrent.ThreadPoolExecutor$Worker.run(ThreadPoolExecutor.java:651)
                                                                                                    	at agdx.run(:com.google.android.gms@255034130@25.50.34 (270700-855735097):8)
                                                                                                    	at java.lang.Thread.run(Thread.java:1119)
                                                                                                    Caused by: ayma: Failed to process request
                                                                                                    	at aymg.a(:com.google.android.gms@255034130@25.50.34 (270700-855735097):23)
                                                                                                    	at ayph.b(:com.google.android.gms@255034130@25.50.34 (270700-855735097):15)
                                                                                                    	at aypy.onFailed(:com.google.android.gms@255034130@25.50.34 (270700-855735097):13)
                                                                                                    	at m1.nf.onFailed(:com.google.android.gms.dynamite_cronetdynamite@255034130@25.50.34 (270700-0):3)
                                                                                                    	at m1.mb.run(:com.google.android.gms.dynamite_cronetdynamite@255034130@25.50.34 (270700-0):16)
                                                                                                    	... 6 more
                                                                                                    Caused by: m1.mo: Exception in CronetUrlRequest: net::ERR_NAME_NOT_RESOLVED, ErrorCode=1, InternalErrorCode=-105, Retryable=false
                                                                                                    	at org.chromium.net.impl.CronetUrlRequest.onError(:com.google.android.gms.dynamite_cronetdynamite@255034130@25.50.34 (270700-0):3)
2026-07-21 13:11:26.703  3566-3566  InsetsController        com.cafemaestro.tv                   D  hide(ime(), fromIme=false)
2026-07-21 13:11:26.707  3566-3566  ImeTracker              com.cafemaestro.tv                   I  com.cafemaestro.tv:775ab8c8: onCancelled at PHASE_CLIENT_ALREADY_HIDDEN
2026-07-21 13:11:26.717  2951-2951  Finsky                  com.android.vending                  W  [2] HC: Self-update check failed with error: com.android.volley.NoConnectionError: java.net.UnknownHostException: Unable to resolve host "play-fe.googleapis.com": No address associated with hostname
2026-07-21 13:11:26.725  2951-3148  Finsky                  com.android.vending                  I  [104] Successfully collected the device disk space info.
2026-07-21 13:11:26.729  1606-2126  FontLog                 com.google.android.gms.persistent    I  (REDACTED) Received query %s, URI %s
2026-07-21 13:11:26.729  1606-2126  FontLog                 com.google.android.gms.persistent    I  (REDACTED) Query [%s] resolved to %s
2026-07-21 13:11:26.739  1638-1638  GoogleInpu...hodService com...gle.android.inputmethod.latin  I  GoogleInputMethodService.onFinishInput():2084 
2026-07-21 13:11:26.744  1638-1638  Module                  com...gle.android.inputmethod.latin  I  DeviceLockedStatusModuleProvider$Module.updateDeviceLockedStatus():101 repeatCheckTimes = 0, locked = false
2026-07-21 13:11:26.753   697-1940  ImeTracker              system_server                        I  system_server:b2779192: onRequestHide at ORIGIN_SERVER reason IME_REQUESTED_CHANGED_LISTENER fromUser false
2026-07-21 13:11:26.757  1638-1638  GoogleInpu...hodService com...gle.android.inputmethod.latin  I  GoogleInputMethodService.onStartInput():1345 onStartInput(EditorInfo{EditorInfo{packageName=com.cafemaestro.tv, inputType=0, inputTypeString=NULL, enableLearning=false, autoCorrection=false, autoComplete=false, imeOptions=12000000, privateImeOptions=null, actionName=UNSPECIFIED, actionLabel=null, initialSelStart=-1, initialSelEnd=-1, initialCapsMode=0, label=null, fieldId=0, fieldName=null, extras=null, hintText=null, hintLocales=[]}}, false)
2026-07-21 13:11:26.764   697-736   ImeTracker              system_server                        I  system_server:b2779192: onCancelled at PHASE_SERVER_SHOULD_HIDE
2026-07-21 13:11:26.775  1638-1638  Module                  com...gle.android.inputmethod.latin  I  DeviceLockedStatusModuleProvider$Module.updateDeviceLockedStatus():101 repeatCheckTimes = 1, locked = false
2026-07-21 13:11:26.776   697-3281  PackageConfigPersister  system_server                        W  App-specific configuration not found for packageName: com.cafemaestro.tv and userId: 0
2026-07-21 13:11:26.794  3108-3145  Finsky:background       com.android.vending:background       I  [50] SCH: Received scheduling request: Id: 10-115, Constraints: [{ L: 0, D: 86400000, C: CHARGING_NONE, I: IDLE_NONE, N: NET_NONE, B: BATTERY_ANY }]
2026-07-21 13:11:26.810   451-451   Zygote                  zygote                               D  Forked child process 3723
2026-07-21 13:11:26.825   697-746   ActivityManager         system_server                        W  Slow operation: 59ms so far, now at startProcess: done updating battery stats
2026-07-21 13:11:26.825   697-746   ActivityManager         system_server                        W  Slow operation: 59ms so far, now at startProcess: building log message
2026-07-21 13:11:26.825   697-746   ActivityManager         system_server                        I  Start proc 3723:com.android.vending:quick_launch/u0a54 for service {com.android.vending/com.google.frameworks.client.data.android.server.play.QuickLaunchProcessEndpointService}
2026-07-21 13:11:26.825   697-746   ActivityManager         system_server                        W  Slow operation: 59ms so far, now at startProcess: starting to update pids map
2026-07-21 13:11:26.826   697-746   ActivityManager         system_server                        I  ProcessObserver broadcast disabled
2026-07-21 13:11:26.826   697-746   ActivityManager         system_server                        W  Slow operation: 60ms so far, now at startProcess: done updating pids map
2026-07-21 13:11:26.839  2951-2984  Finsky                  com.android.vending                  W  [43] Clipping override deadline to PT168H from PT806400H
2026-07-21 13:11:26.840  2951-2984  Finsky                  com.android.vending                  I  [43] SCH: Received scheduling request: Id: 10-4, Constraints: [{ L: 1200000, D: 86400000, C: CHARGING_NONE, I: IDLE_NONE, N: NET_NONE, B: BATTERY_ANY }]
2026-07-21 13:11:26.840  2951-2984  Finsky                  com.android.vending                  I  [43] SCH: Received scheduling request: Id: 10-11, Constraints: [{ L: 600000, D: 86400000, C: CHARGING_NONE, I: IDLE_NONE, N: NET_NONE, B: BATTERY_ANY }]
2026-07-21 13:11:26.840  2951-2984  Finsky                  com.android.vending                  I  [43] SCH: Received scheduling request: Id: 10-18, Constraints: [{ L: 0, D: 86400000, C: CHARGING_NONE, I: IDLE_NONE, N: NET_NONE, B: BATTERY_ANY }]
2026-07-21 13:11:26.858  2951-2984  Finsky                  com.android.vending                  I  [43] SCH: Received scheduling request: Id: 10-22, Constraints: [{ L: 0, D: 86400000, C: CHARGING_NONE, I: IDLE_NONE, N: NET_NONE, B: BATTERY_ANY }]
2026-07-21 13:11:26.861  2951-2984  Finsky                  com.android.vending                  I  [43] SCH: Received scheduling request: Id: 10-39, Constraints: [{ L: 0, D: 86400000, C: CHARGING_NONE, I: IDLE_NONE, N: NET_NONE, B: BATTERY_ANY }]
2026-07-21 13:11:26.861  2951-2984  Finsky                  com.android.vending                  I  [43] SCH: Received scheduling request: Id: 10-50, Constraints: [{ L: 0, D: 86400000, C: CHARGING_NONE, I: IDLE_NONE, N: NET_NONE, B: BATTERY_ANY }]
2026-07-21 13:11:26.861  2951-2984  Finsky                  com.android.vending                  I  [43] SCH: Received scheduling request: Id: 10-47, Constraints: [{ L: 0, D: 86400000, C: CHARGING_NONE, I: IDLE_NONE, N: NET_NONE, B: BATTERY_ANY }]
2026-07-21 13:11:26.862  2951-2984  Finsky                  com.android.vending                  I  [43] SCH: Received scheduling request: Id: 10-8, Constraints: [{ L: 0, D: 86400000, C: CHARGING_NONE, I: IDLE_NONE, N: NET_NONE, B: BATTERY_ANY }]
2026-07-21 13:11:26.862  2951-2984  Finsky                  com.android.vending                  I  [43] SCH: Received scheduling request: Id: 10-15, Constraints: [{ L: 0, D: 86400000, C: CHARGING_NONE, I: IDLE_NONE, N: NET_NONE, B: BATTERY_ANY }]
2026-07-21 13:11:26.862  2951-2984  Finsky                  com.android.vending                  I  [43] SCH: Received scheduling request: Id: 10-42, Constraints: [{ L: 0, D: 86400000, C: CHARGING_NONE, I: IDLE_NONE, N: NET_NONE, B: BATTERY_ANY }]
2026-07-21 13:11:26.862  2951-2984  Finsky                  com.android.vending                  I  [43] SCH: Received scheduling request: Id: 10-51, Constraints: [{ L: 0, D: 86400000, C: CHARGING_NONE, I: IDLE_NONE, N: NET_NONE, B: BATTERY_ANY }]
2026-07-21 13:11:26.863  2951-2984  Finsky                  com.android.vending                  I  [43] SCH: Received scheduling request: Id: 10-66, Constraints: [{ L: 0, D: 86400000, C: CHARGING_NONE, I: IDLE_NONE, N: NET_NONE, B: BATTERY_ANY }]
2026-07-21 13:11:26.863  2951-2984  Finsky                  com.android.vending                  I  [43] SCH: Received scheduling request: Id: 10-79, Constraints: [{ L: 0, D: 86400000, C: CHARGING_NONE, I: IDLE_REQUIRED, N: NET_NONE, B: BATTERY_ANY }]
2026-07-21 13:11:26.863  2951-2984  Finsky                  com.android.vending                  I  [43] SCH: Received scheduling request: Id: 10-122, Constraints: [{ L: 0, D: 43200000, C: CHARGING_NONE, I: IDLE_NONE, N: NET_NONE, B: BATTERY_ANY }]
2026-07-21 13:11:26.863  2951-2984  Finsky                  com.android.vending                  I  [43] SCH: Received scheduling request: Id: 10-101, Constraints: [{ L: 60000, D: 86400000, C: CHARGING_NONE, I: IDLE_NONE, N: NET_NONE, B: BATTERY_ANY }]
2026-07-21 13:11:26.864  2951-2984  Finsky                  com.android.vending                  I  [43] SCH: Received scheduling request: Id: 10-116, Constraints: [{ L: 0, D: 86400000, C: CHARGING_NONE, I: IDLE_NONE, N: NET_NONE, B: BATTERY_ANY }]
2026-07-21 13:11:26.864  2951-2984  Finsky                  com.android.vending                  I  [43] SCH: Received scheduling request: Id: 10-118, Constraints: [{ L: 0, D: 604800000, C: CHARGING_NONE, I: IDLE_NONE, N: NET_NONE, B: BATTERY_ANY }]
2026-07-21 13:11:26.865  2951-2984  Finsky                  com.android.vending                  I  [43] SCH: Received scheduling request: Id: 10-124, Constraints: [{ L: 0, D: 2592000000, C: CHARGING_NONE, I: IDLE_NONE, N: NET_NONE, B: BATTERY_ANY }]
2026-07-21 13:11:26.865  2951-2984  Finsky                  com.android.vending                  I  [43] SCH: Received scheduling request: Id: 10-130, Constraints: [{ L: 0, D: 86400000, C: CHARGING_NONE, I: IDLE_NONE, N: NET_NONE, B: BATTERY_ANY }]
2026-07-21 13:11:26.865  2951-2984  Finsky                  com.android.vending                  I  [43] SCH: Received scheduling request: Id: 10-131, Constraints: [{ L: 0, D: 86400000, C: CHARGING_NONE, I: IDLE_NONE, N: NET_NONE, B: BATTERY_ANY }]
2026-07-21 13:11:26.866  2951-2984  Finsky                  com.android.vending                  I  [43] SCH: Received scheduling request: Id: 10-139, Constraints: [{ L: 0, D: 86400000, C: CHARGING_NONE, I: IDLE_NONE, N: NET_NONE, B: BATTERY_ANY }]
2026-07-21 13:11:26.866  2951-2984  Finsky                  com.android.vending                  I  [43] SCH: Received scheduling request: Id: 10-146, Constraints: [{ L: 0, D: 86400000, C: CHARGING_NONE, I: IDLE_NONE, N: NET_NONE, B: BATTERY_ANY }]
2026-07-21 13:11:26.866  2951-2984  Finsky                  com.android.vending                  I  [43] SCH: Received scheduling request: Id: 10-162, Constraints: [{ L: 0, D: 86400000, C: CHARGING_NONE, I: IDLE_NONE, N: NET_NONE, B: BATTERY_ANY }]
2026-07-21 13:11:26.890  3108-3145  WM-PackageManagerHelper com.android.vending:background       D  androidx.work.impl.background.systemjob.SystemJobService enabled
2026-07-21 13:11:26.890  3108-3145  WM-Schedulers           com.android.vending:background       D  Created SystemJobScheduler and enabled SystemJobService
2026-07-21 13:11:26.906  3108-3151  WM-ForceStopRunnable    com.android.vending:background       D  Is default app process = true
2026-07-21 13:11:26.907  3108-3151  WM-ForceStopRunnable    com.android.vending:background       D  Performing cleanup operations.
2026-07-21 13:11:26.947  3566-3651  Capacitor               com.cafemaestro.tv                   D  Handling local request: https://localhost/assets/index-BT8StoQE.css
2026-07-21 13:11:26.955  3108-3145  Finsky:background       com.android.vending:background       I  [50] SCH: Received scheduling request: Id: 10-105, Constraints: [{ L: 0, D: 86400000, C: CHARGING_NONE, I: IDLE_NONE, N: NET_ANY, B: BATTERY_ANY }]
2026-07-21 13:11:26.955  3108-3145  Finsky:background       com.android.vending:background       I  [50] SCH: Received scheduling request: Id: 10-83, Constraints: [{ L: 0, D: 86400000, C: CHARGING_NONE, I: IDLE_NONE, N: NET_NONE, B: BATTERY_ANY }]
2026-07-21 13:11:26.956  3108-3145  Finsky:background       com.android.vending:background       I  [50] SCH: Received scheduling request: Id: 10-96, Constraints: [{ L: 0, D: 86400000, C: CHARGING_NONE, I: IDLE_NONE, N: NET_ANY, B: BATTERY_ANY }]
2026-07-21 13:11:26.957  3108-3145  Finsky:background       com.android.vending:background       I  [50] SCH: Received scheduling request: Id: 10-159, Constraints: [{ L: 0, D: 604800000, C: CHARGING_NONE, I: IDLE_NONE, N: NET_NONE, B: BATTERY_ANY }]
2026-07-21 13:11:26.957  3108-3145  Finsky:background       com.android.vending:background       I  [50] SCH: Received scheduling request: Id: 10-140, Constraints: [{ L: 0, D: 86400000, C: CHARGING_NONE, I: IDLE_NONE, N: NET_NONE, B: BATTERY_ANY }]
2026-07-21 13:11:26.961  3723-3723  ng:quick_launch         zygote                               I  Using CollectorTypeCMC GC.
2026-07-21 13:11:26.969  3723-3723  ng:quick_launch         zygote                               W  Unexpected CPU variant for x86: x86.
                                                                                                    Known variants: atom, sandybridge, silvermont, goldmont, goldmont-plus, goldmont-without-sha-xsaves, tremont, kabylake, alderlake, default
2026-07-21 13:11:26.977  3723-3723  ng:quick_launch         zygote                               E  Not starting debugger since process cannot load the jdwp agent.
2026-07-21 13:11:26.978  1340-1382  WindowManagerShell      com.android.systemui                 V  Transition animation finished (aborted=false), notifying core (#2) android.os.BinderProxy@d20119@0
2026-07-21 13:11:26.984  1878-1878  VRI[MainActivity]       com.google.android.tvlauncher        D  visibilityChanged oldVisibility=true newVisibility=false
2026-07-21 13:11:26.987  1340-1382  WindowManagerShell      com.android.systemui                 V  Track 0 became idle
2026-07-21 13:11:26.988  1340-1382  WindowManagerShell      com.android.systemui                 V  All active transition animations finished
2026-07-21 13:11:27.005   697-731   WindowManager           system_server                        V  Finish Transition (#2): created at 07-21 13:11:23.475 collect-started=0.242ms request-sent=39.98ms started=70.373ms ready=810.966ms sent=3034.654ms commit=45.532ms finished=3504.713ms
2026-07-21 13:11:27.030  3723-3723  nativeloader            com.android.vending:quick_launch     D  Load libframework-connectivity-tiramisu-jni.so using APEX ns com_android_tethering for caller /apex/com.android.tethering/javalib/framework-connectivity-t.jar: ok
2026-07-21 13:11:27.033  1606-2092  NetworkScheduler.Stats  com.google.android.gms.persistent    I  (REDACTED) Task %s/%s finished executing. cause:%s result: %s elapsed_millis: %s uptime_millis: %s exec_start_elapsed_seconds: %s
2026-07-21 13:11:27.200   697-1291  Background...rolService system_server                        D  Package event received: 0
2026-07-21 13:11:27.221  1606-2532  NetworkScheduler.Stats  com.google.android.gms.persistent    I  (REDACTED) Task %s/%s started execution. cause:%s exec_start_elapsed_seconds: %s
